Archive member included to satisfy reference by file (symbol)

/opt/devkitpro/libctru/lib/libcitro2d.a(base.o)
                              main.o (C2D_Init)
/opt/devkitpro/libctru/lib/libcitro2d.a(text.o)
                              main.o (C2D_TextBufNew)
/opt/devkitpro/libctru/lib/libcitro2d.a(font.o)
                              main.o (C2D_FontFree)
/opt/devkitpro/libctru/lib/libcitro2d.a(render2d.shbin.o)
                              /opt/devkitpro/libctru/lib/libcitro2d.a(base.o) (render2d_shbin)
/opt/devkitpro/libctru/lib/libcitro3d.a(attribs.o)
                              /opt/devkitpro/libctru/lib/libcitro2d.a(base.o) (AttrInfo_Init)
/opt/devkitpro/libctru/lib/libcitro3d.a(base.o)
                              /opt/devkitpro/libctru/lib/libcitro3d.a(attribs.o) (__C3D_Context)
/opt/devkitpro/libctru/lib/libcitro3d.a(buffers.o)
                              /opt/devkitpro/libctru/lib/libcitro2d.a(base.o) (BufInfo_Init)
/opt/devkitpro/libctru/lib/libcitro3d.a(drawElements.o)
                              /opt/devkitpro/libctru/lib/libcitro2d.a(base.o) (C3D_DrawElements)
/opt/devkitpro/libctru/lib/libcitro3d.a(effect.o)
                              /opt/devkitpro/libctru/lib/libcitro3d.a(base.o) (C3D_DepthMap)
/opt/devkitpro/libctru/lib/libcitro3d.a(framebuffer.o)
                              /opt/devkitpro/libctru/lib/libcitro3d.a(base.o) (C3Di_FrameBufBind)
/opt/devkitpro/libctru/lib/libcitro3d.a(immediate.o)
                              /opt/devkitpro/libctru/lib/libcitro3d.a(base.o) (C3D_ImmSendAttrib)
/opt/devkitpro/libctru/lib/libcitro3d.a(proctex.o)
                              /opt/devkitpro/libctru/lib/libcitro2d.a(base.o) (C3D_ProcTexInit)
/opt/devkitpro/libctru/lib/libcitro3d.a(renderqueue.o)
                              /opt/devkitpro/libctru/lib/libcitro3d.a(base.o) (C3Di_RenderQueueEnableVBlank)
/opt/devkitpro/libctru/lib/libcitro3d.a(texenv.o)
                              /opt/devkitpro/libctru/lib/libcitro2d.a(base.o) (C3D_GetTexEnv)
/opt/devkitpro/libctru/lib/libcitro3d.a(texture.o)
                              /opt/devkitpro/libctru/lib/libcitro2d.a(base.o) (C3D_TexBind)
/opt/devkitpro/libctru/lib/libcitro3d.a(uniforms.o)
                              /opt/devkitpro/libctru/lib/libcitro3d.a(base.o) (C3D_UpdateUniforms)
/opt/devkitpro/libctru/lib/libcitro3d.a(mtx_multiply.o)
                              /opt/devkitpro/libctru/lib/libcitro2d.a(base.o) (Mtx_Multiply)
/opt/devkitpro/libctru/lib/libcitro3d.a(mtx_ortho.o)
                              /opt/devkitpro/libctru/lib/libcitro2d.a(base.o) (Mtx_Ortho)
/opt/devkitpro/libctru/lib/libcitro3d.a(mtx_orthotilt.o)
                              /opt/devkitpro/libctru/lib/libcitro2d.a(base.o) (Mtx_OrthoTilt)
/opt/devkitpro/libctru/lib/libcitro3d.a(mtx_rotatez.o)
                              /opt/devkitpro/libctru/lib/libcitro2d.a(base.o) (Mtx_RotateZ)
/opt/devkitpro/libctru/lib/libcitro3d.a(mtx_scale.o)
                              /opt/devkitpro/libctru/lib/libcitro2d.a(base.o) (Mtx_Scale)
/opt/devkitpro/libctru/lib/libcitro3d.a(mtx_translate.o)
                              /opt/devkitpro/libctru/lib/libcitro2d.a(base.o) (Mtx_Translate)
/opt/devkitpro/libctru/lib/libctru.a(linear.o)
                              /opt/devkitpro/libctru/lib/libcitro2d.a(base.o) (linearAlloc)
/opt/devkitpro/libctru/lib/libctru.a(mem_pool.o)
                              /opt/devkitpro/libctru/lib/libctru.a(linear.o) (MemPool::Allocate(MemChunk&, unsigned long, int))
/opt/devkitpro/libctru/lib/libctru.a(vram.o)
                              /opt/devkitpro/libctru/lib/libcitro3d.a(renderqueue.o) (vramAlloc)
/opt/devkitpro/libctru/lib/libctru.a(font.o)
                              /opt/devkitpro/libctru/lib/libcitro2d.a(text.o) (fontEnsureMapped)
/opt/devkitpro/libctru/lib/libctru.a(gfx.o)
                              /opt/devkitpro/libctru/lib/libcitro2d.a(base.o) (gfxIsWide)
/opt/devkitpro/libctru/lib/libctru.a(os.o)
                              /opt/devkitpro/libctru/lib/libcitro3d.a(buffers.o) (osConvertVirtToPhys)
/opt/devkitpro/libctru/lib/libctru.a(romfs_dev.o)
                              /opt/devkitpro/libctru/lib/libcitro2d.a(font.o) (romfsMountFromTitle)
/opt/devkitpro/libctru/lib/libctru.a(gpu.o)
                              /opt/devkitpro/libctru/lib/libcitro3d.a(renderqueue.o) (gpuCmdBuf)
/opt/devkitpro/libctru/lib/libctru.a(gx.o)
                              /opt/devkitpro/libctru/lib/libcitro3d.a(renderqueue.o) (GX_BindQueue)
/opt/devkitpro/libctru/lib/libctru.a(gxqueue.o)
                              /opt/devkitpro/libctru/lib/libcitro3d.a(renderqueue.o) (gxCmdQueueClear)
/opt/devkitpro/libctru/lib/libctru.a(shaderProgram.o)
                              /opt/devkitpro/libctru/lib/libcitro2d.a(base.o) (shaderInstanceGetUniformLocation)
/opt/devkitpro/libctru/lib/libctru.a(shbin.o)
                              /opt/devkitpro/libctru/lib/libcitro2d.a(base.o) (DVLB_ParseFile)
/opt/devkitpro/libctru/lib/libctru.a(apt.o)
[...]
Memory Configuration

Name             Origin             Length             Attributes
*default*        0x00000000         0xffffffff

Linker script and memory map

                0x00000000                        __sync_synchronize = __sync_synchronize_dmb
                0x00100000                        PROVIDE (__start__ = 0x100000)
                0x00100000                        . = __start__

.text           0x00100000    0x21c38
 *(.crt0)
 .crt0          0x00100000       0x94 /opt/devkitpro/devkitARM/bin/../lib/gcc/arm-none-eabi/15.1.0/../../../../arm-none-eabi/lib/armv6k/fpu/3dsx_crt0.o
                0x00100000                _start
                0x00100008                __service_ptr
                0x0010000c                __apt_appid
                0x00100010                __heap_size
                0x00100014                __linear_heap_size
                0x00100018                __system_arglist
                0x0010001c                __system_runflags
 *(.init)
 .init          0x00100094        0xc /opt/devkitpro/devkitARM/bin/../lib/gcc/arm-none-eabi/15.1.0/armv6k/fpu/crti.o
                0x00100094                _init
 .init          0x001000a0        0xc /opt/devkitpro/devkitARM/bin/../lib/gcc/arm-none-eabi/15.1.0/armv6k/fpu/crtn.o
                0x001000ac                        . = ALIGN (0x4)
 *(.text)
 .text          0x001000ac      0x20c /opt/devkitpro/devkitARM/bin/../lib/gcc/arm-none-eabi/15.1.0/armv6k/fpu/libgcc.a(_udivsi3.o)
                0x001000ac                __udivsi3
                0x001000ac                __aeabi_uidiv
                0x00100298                __aeabi_uidivmod
 .text          0x001002b8      0x240 /opt/devkitpro/devkitARM/bin/../lib/gcc/arm-none-eabi/15.1.0/armv6k/fpu/libgcc.a(_divsi3.o)
                0x001002b8                __aeabi_idiv
                0x001002b8                __divsi3
                0x001004d8                __aeabi_idivmod
 .text          0x001004f8        0x4 /opt/devkitpro/devkitARM/bin/../lib/gcc/arm-none-eabi/15.1.0/armv6k/fpu/libgcc.a(_dvmd_tls.o)
                0x001004f8                __aeabi_ldiv0
                0x001004f8                __aeabi_idiv0
 .text          0x001004fc       0xd4 /opt/devkitpro/devkitARM/bin/../lib/gcc/arm-none-eabi/15.1.0/armv6k/fpu/libgcc.a(_aeabi_ldivmod.o)
                0x001004fc                __aeabi_ldivmod
 .text          0x001005d0       0x3c /opt/devkitpro/devkitARM/bin/../lib/gcc/arm-none-eabi/15.1.0/armv6k/fpu/libgcc.a(_aeabi_uldivmod.o)
                0x001005d0                __aeabi_uldivmod
 *fill*         0x0010060c       0x14 
 .text          0x00100620      0x390 /opt/devkitpro/devkitARM/bin/../lib/gcc/arm-none-eabi/15.1.0/../../../../arm-none-eabi/lib/armv6k/fpu/libg.a(libc_a-strcmp.o)
                0x00100628                strcmp
 *(.text.*)
 .text.__do_global_dtors_aux
                0x001009b0       0x50 /opt/devkitpro/devkitARM/bin/../lib/gcc/arm-none-eabi/15.1.0/armv6k/fpu/crtbegin.o
 .text.frame_dummy
                0x00100a00       0x2c /opt/devkitpro/devkitARM/bin/../lib/gcc/arm-none-eabi/15.1.0/armv6k/fpu/crtbegin.o
 .text.cmpstringp
                0x00100a2c        0xc main.o
                0x00100a2c                cmpstringp
 .text.getDir   0x00100a38      0x194 main.o
                0x00100a38                getDir
 .text.copyFile
                0x00100bcc       0xa0 main.o
                0x00100bcc                copyFile
 .text.moveFile
                0x00100c6c       0x80 main.o
                0x00100c6c                moveFile
 .text.startup.main
                0x00100cec      0x598 main.o
                0x00100cec                main
 .text.C2Di_FrameEndHook
                0x00101284       0x44 /opt/devkitpro/libctru/lib/libcitro2d.a(base.o)
 .text.C2D_Init
                0x001012c8      0x36c /opt/devkitpro/libctru/lib/libcitro2d.a(base.o)
                0x001012c8                C2D_Init
 .text.C2D_Fini
                0x00101634       0x4c /opt/devkitpro/libctru/lib/libcitro2d.a(base.o)
                0x00101634                C2D_Fini
 .text.C2D_Prepare
                0x00101680       0xb8 /opt/devkitpro/libctru/lib/libcitro2d.a(base.o)
                0x00101680                C2D_Prepare
 .text.C2D_Flush
                0x00101738       0x48 /opt/devkitpro/libctru/lib/libcitro2d.a(base.o)
                0x00101738                C2D_Flush
 .text.C2D_SceneSize
                0x00101780      0x104 /opt/devkitpro/libctru/lib/libcitro2d.a(base.o)
                0x00101780                C2D_SceneSize
 .text.C2D_CreateScreenTarget
                0x00101884       0x58 /opt/devkitpro/libctru/lib/libcitro2d.a(base.o)
                0x00101884                C2D_CreateScreenTarget
 .text.C2D_TargetClear
                0x001018dc       0x64 /opt/devkitpro/libctru/lib/libcitro2d.a(base.o)
                0x001018dc                C2D_TargetClear
 .text.C2Di_AppendQuad
                0x00101940       0x58 /opt/devkitpro/libctru/lib/libcitro2d.a(base.o)
                0x00101940                C2Di_AppendQuad
 .text.C2Di_AppendVtx
                0x00101998       0x40 /opt/devkitpro/libctru/lib/libcitro2d.a(base.o)
                0x00101998                C2Di_AppendVtx
 .text.C2Di_Update
                0x001019d8      0x550 /opt/devkitpro/libctru/lib/libcitro2d.a(base.o)
                0x001019d8                C2Di_Update
 .text.C2D_DrawRectangle
                0x00101f28      0x158 /opt/devkitpro/libctru/lib/libcitro2d.a(base.o)
                0x00101f28                C2D_DrawRectangle
 .text.C2Di_GlyphComp
                0x00102080       0x18 /opt/devkitpro/libctru/lib/libcitro2d.a(text.o)
 .text.C2Di_CalcLineWidths
                0x00102098      0x140 /opt/devkitpro/libctru/lib/libcitro2d.a(text.o)
 .text.C2D_TextBufNew
                0x001021d8      0x1dc /opt/devkitpro/libctru/lib/libcitro2d.a(text.o)
                0x001021d8                C2D_TextBufNew
 .text.C2D_TextBufDelete
                0x001023b4        0x4 /opt/devkitpro/libctru/lib/libcitro2d.a(text.o)
                0x001023b4                C2D_TextBufDelete
 .text.C2D_TextBufClear
                0x001023b8        0xc /opt/devkitpro/libctru/lib/libcitro2d.a(text.o)
                0x001023b8                C2D_TextBufClear
 .text.C2D_TextFontParseLine
                0x001023c4      0x1c8 /opt/devkitpro/libctru/lib/libcitro2d.a(text.o)
                0x001023c4                C2D_TextFontParseLine
 .text.C2D_TextFontParse
                0x0010258c       0xa8 /opt/devkitpro/libctru/lib/libcitro2d.a(text.o)
                0x0010258c                C2D_TextFontParse
 .text.C2D_TextParse
                0x00102634       0x14 /opt/devkitpro/libctru/lib/libcitro2d.a(text.o)
                0x00102634                C2D_TextParse
 .text.C2D_TextOptimize
                0x00102648       0x30 /opt/devkitpro/libctru/lib/libcitro2d.a(text.o)
                0x00102648                C2D_TextOptimize
 .text.C2D_DrawText
                0x00102678      0xf6c /opt/devkitpro/libctru/lib/libcitro2d.a(text.o)
                0x00102678                C2D_DrawText
 .text.C2D_FontFree
                0x001035e4       0x28 /opt/devkitpro/libctru/lib/libcitro2d.a(font.o)
                0x001035e4                C2D_FontFree
 .text.C2Di_PostLoadFont
                0x0010360c       0xe8 /opt/devkitpro/libctru/lib/libcitro2d.a(font.o)
 .text.C2D_FontLoadSystem
                0x001036f4      0x1c0 /opt/devkitpro/libctru/lib/libcitro2d.a(font.o)
                0x001036f4                C2D_FontLoadSystem
 .text.C2D_FontGlyphIndexFromCodePoint
                0x001038b4       0x44 /opt/devkitpro/libctru/lib/libcitro2d.a(font.o)
                0x001038b4                C2D_FontGlyphIndexFromCodePoint
 .text.C2D_FontCalcGlyphPos
                0x001038f8       0x78 /opt/devkitpro/libctru/lib/libcitro2d.a(font.o)
                0x001038f8                C2D_FontCalcGlyphPos
 .text.AttrInfo_Init
                0x00103970       0x28 /opt/devkitpro/libctru/lib/libcitro3d.a(attribs.o)
                0x00103970                AttrInfo_Init
 .text.AttrInfo_AddLoader
                0x00103998       0x94 /opt/devkitpro/libctru/lib/libcitro3d.a(attribs.o)
                0x00103998                AttrInfo_AddLoader
 .text.C3D_SetAttrInfo
                0x00103a2c       0x54 /opt/devkitpro/libctru/lib/libcitro3d.a(attribs.o)
                0x00103a2c                C3D_SetAttrInfo
 .text.C3Di_AttrInfoBind
                0x00103a80       0x80 /opt/devkitpro/libctru/lib/libcitro3d.a(attribs.o)
                0x00103a80                C3Di_AttrInfoBind
 .text.C3Di_LightEnvUpdate
                0x00103b00        0x4 /opt/devkitpro/libctru/lib/libcitro3d.a(base.o)
                0x00103b00                C3Di_LightEnvUpdate
 .text.C3Di_LightEnvDirty
                0x00103b04        0x4 /opt/devkitpro/libctru/lib/libcitro3d.a(base.o)
                0x00103b04                C3Di_LightEnvDirty
 .text.C3Di_AptEventHook
                0x00103b08       0xb4 /opt/devkitpro/libctru/lib/libcitro3d.a(base.o)
 .text.C3Di_GasUpdate
                0x00103bbc        0x4 /opt/devkitpro/libctru/lib/libcitro3d.a(base.o)
                0x00103bbc                C3Di_GasUpdate
 .text.C3D_Init
                0x00103bc0      0x1d0 /opt/devkitpro/libctru/lib/libcitro3d.a(base.o)
                0x00103bc0                C3D_Init
 .text.C3D_SetViewport
                0x00103d90       0x98 /opt/devkitpro/libctru/lib/libcitro3d.a(base.o)
                0x00103d90                C3D_SetViewport
 .text.C3Di_UpdateContext
                0x00103e28      0x4e8 /opt/devkitpro/libctru/lib/libcitro3d.a(base.o)
                0x00103e28                C3Di_UpdateContext
 .text.C3Di_SplitFrame
                0x00104310       0xe0 /opt/devkitpro/libctru/lib/libcitro3d.a(base.o)
                0x00104310                C3Di_SplitFrame
 .text.C3D_Fini
                0x001043f0       0x44 /opt/devkitpro/libctru/lib/libcitro3d.a(base.o)
                0x001043f0                C3D_Fini
 .text.C3D_BindProgram
                0x00104434      0x194 /opt/devkitpro/libctru/lib/libcitro3d.a(base.o)
                0x00104434                C3D_BindProgram
 .text.BufInfo_Init
                0x001045c8       0x24 /opt/devkitpro/libctru/lib/libcitro3d.a(buffers.o)
                0x001045c8                BufInfo_Init
 .text.BufInfo_Add
                0x001045ec       0x80 /opt/devkitpro/libctru/lib/libcitro3d.a(buffers.o)
                0x001045ec                BufInfo_Add
 .text.C3D_SetBufInfo
                0x0010466c       0x3c /opt/devkitpro/libctru/lib/libcitro3d.a(buffers.o)
                0x0010466c                C3D_SetBufInfo
 .text.C3Di_BufInfoBind
                0x001046a8       0x48 /opt/devkitpro/libctru/lib/libcitro3d.a(buffers.o)
                0x001046a8                C3Di_BufInfoBind
 .text.C3D_DrawElements
                0x001046f0      0x21c /opt/devkitpro/libctru/lib/libcitro3d.a(drawElements.o)
                0x001046f0                C3D_DrawElements
 .text.C3D_DepthMap
                0x0010490c       0x40 /opt/devkitpro/libctru/lib/libcitro3d.a(effect.o)
                0x0010490c                C3D_DepthMap
 .text.C3D_CullFace
                0x0010494c       0x1c /opt/devkitpro/libctru/lib/libcitro3d.a(effect.o)
                0x0010494c                C3D_CullFace
 .text.C3D_StencilTest
                0x00104968       0x40 /opt/devkitpro/libctru/lib/libcitro3d.a(effect.o)
                0x00104968                C3D_StencilTest
 .text.C3D_StencilOp
                0x001049a8       0x24 /opt/devkitpro/libctru/lib/libcitro3d.a(effect.o)
                0x001049a8                C3D_StencilOp
 .text.C3D_BlendingColor
                0x001049cc       0x1c /opt/devkitpro/libctru/lib/libcitro3d.a(effect.o)
                0x001049cc                C3D_BlendingColor
 .text.C3D_EarlyDepthTest
                0x001049e8       0x24 /opt/devkitpro/libctru/lib/libcitro3d.a(effect.o)
                0x001049e8                C3D_EarlyDepthTest
 .text.C3D_DepthTest
                0x00104a0c       0x2c /opt/devkitpro/libctru/lib/libcitro3d.a(effect.o)
                0x00104a0c                C3D_DepthTest
 .text.C3D_AlphaTest
                0x00104a38       0x2c /opt/devkitpro/libctru/lib/libcitro3d.a(effect.o)
                0x00104a38                C3D_AlphaTest
 .text.C3D_AlphaBlend
                0x00104a64       0x50 /opt/devkitpro/libctru/lib/libcitro3d.a(effect.o)
                0x00104a64                C3D_AlphaBlend
 .text.C3D_FragOpMode
                0x00104ab4       0x30 /opt/devkitpro/libctru/lib/libcitro3d.a(effect.o)
                0x00104ab4                C3D_FragOpMode
 .text.C3D_FragOpShadow
                0x00104ae4       0x44 /opt/devkitpro/libctru/lib/libcitro3d.a(effect.o)
                0x00104ae4                C3D_FragOpShadow
 .text.C3Di_EffectBind
                0x00104b28      0x1ac /opt/devkitpro/libctru/lib/libcitro3d.a(effect.o)
                0x00104b28                C3Di_EffectBind
 .text.C3D_CalcColorBufSize
                0x00104cd4       0x1c /opt/devkitpro/libctru/lib/libcitro3d.a(framebuffer.o)
                0x00104cd4                C3D_CalcColorBufSize
 .text.C3D_CalcDepthBufSize
                0x00104cf0       0x1c /opt/devkitpro/libctru/lib/libcitro3d.a(framebuffer.o)
                0x00104cf0                C3D_CalcDepthBufSize
 .text.C3D_SetFrameBuf
                0x00104d0c       0x44 /opt/devkitpro/libctru/lib/libcitro3d.a(framebuffer.o)
                0x00104d0c                C3D_SetFrameBuf
 .text.C3Di_FrameBufBind
                0x00104d50      0x16c /opt/devkitpro/libctru/lib/libcitro3d.a(framebuffer.o)
                0x00104d50                C3Di_FrameBufBind
 .text.C3D_FrameBufClear
                0x00104ebc       0xc8 /opt/devkitpro/libctru/lib/libcitro3d.a(framebuffer.o)
                0x00104ebc                C3D_FrameBufClear
 .text.C3D_FrameBufTransfer
                0x00104f84       0x44 /opt/devkitpro/libctru/lib/libcitro3d.a(framebuffer.o)
                0x00104f84                C3D_FrameBufTransfer
 .text.C3D_ImmSendAttrib
                0x00104fc8       0xa8 /opt/devkitpro/libctru/lib/libcitro3d.a(immediate.o)
                0x00104fc8                C3D_ImmSendAttrib
 .text.C3D_ProcTexInit
                0x00105070       0x70 /opt/devkitpro/libctru/lib/libcitro3d.a(proctex.o)
                0x00105070                C3D_ProcTexInit
 .text.C3D_ProcTexBind
                0x001050e0       0x54 /opt/devkitpro/libctru/lib/libcitro3d.a(proctex.o)
                0x001050e0                C3D_ProcTexBind
 .text.C3D_ProcTexLutBind
                0x00105134       0x5c /opt/devkitpro/libctru/lib/libcitro3d.a(proctex.o)
                0x00105134                C3D_ProcTexLutBind
 .text.ProcTexLut_FromArray
                0x00105190       0xa4 /opt/devkitpro/libctru/lib/libcitro3d.a(proctex.o)
                0x00105190                ProcTexLut_FromArray
 .text.C3Di_ProcTexUpdate
                0x00105234      0x178 /opt/devkitpro/libctru/lib/libcitro3d.a(proctex.o)
                0x00105234                C3Di_ProcTexUpdate
 .text.C3Di_ProcTexDirty
                0x001053ac       0x68 /opt/devkitpro/libctru/lib/libcitro3d.a(proctex.o)
                0x001053ac                C3Di_ProcTexDirty
 .text.onVBlank0
                0x00105414       0x4c /opt/devkitpro/libctru/lib/libcitro3d.a(renderqueue.o)
 .text.onVBlank1
                0x00105460       0x4c /opt/devkitpro/libctru/lib/libcitro3d.a(renderqueue.o)
 .text.C3Di_RenderTargetDestroy
                0x001054ac       0x80 /opt/devkitpro/libctru/lib/libcitro3d.a(renderqueue.o)
 .text.onQueueFinish
                0x0010552c       0xf4 /opt/devkitpro/libctru/lib/libcitro3d.a(renderqueue.o)
 .text.C3Di_RenderQueueEnableVBlank
                0x00105620       0x38 /opt/devkitpro/libctru/lib/libcitro3d.a(renderqueue.o)
                0x00105620                C3Di_RenderQueueEnableVBlank
 .text.C3Di_RenderQueueDisableVBlank
                0x00105658       0x30 /opt/devkitpro/libctru/lib/libcitro3d.a(renderqueue.o)
                0x00105658                C3Di_RenderQueueDisableVBlank
 .text.C3Di_RenderQueueInit
                0x00105688       0x60 /opt/devkitpro/libctru/lib/libcitro3d.a(renderqueue.o)
                0x00105688                C3Di_RenderQueueInit
 .text.C3Di_RenderQueueExit
                0x001056e8       0xb4 /opt/devkitpro/libctru/lib/libcitro3d.a(renderqueue.o)
                0x001056e8                C3Di_RenderQueueExit
 .text.C3Di_RenderQueueWaitDone
                0x0010579c       0x34 /opt/devkitpro/libctru/lib/libcitro3d.a(renderqueue.o)
                0x0010579c                C3Di_RenderQueueWaitDone
 .text.C3D_FrameBegin
                0x001057d0       0xe8 /opt/devkitpro/libctru/lib/libcitro3d.a(renderqueue.o)
                0x001057d0                C3D_FrameBegin
 .text.C3D_FrameDrawOn
                0x001058b8       0x48 /opt/devkitpro/libctru/lib/libcitro3d.a(renderqueue.o)
                0x001058b8                C3D_FrameDrawOn
 .text.C3D_FrameSplit
                0x00105900       0x58 /opt/devkitpro/libctru/lib/libcitro3d.a(renderqueue.o)
                0x00105900                C3D_FrameSplit
 .text.C3D_FrameEnd
                0x00105958      0x1d0 /opt/devkitpro/libctru/lib/libcitro3d.a(renderqueue.o)
                0x00105958                C3D_FrameEnd
 .text.C3D_FrameEndHook
                0x00105b28       0x1c /opt/devkitpro/libctru/lib/libcitro3d.a(renderqueue.o)
                0x00105b28                C3D_FrameEndHook
 .text.C3D_RenderTargetCreate
                0x00105b44      0x170 /opt/devkitpro/libctru/lib/libcitro3d.a(renderqueue.o)
                0x00105b44                C3D_RenderTargetCreate
 .text.C3D_RenderTargetSetOutput
                0x00105cb4       0xa8 /opt/devkitpro/libctru/lib/libcitro3d.a(renderqueue.o)
                0x00105cb4                C3D_RenderTargetSetOutput
 .text.C3D_GetTexEnv
                0x00105d5c       0x34 /opt/devkitpro/libctru/lib/libcitro3d.a(texenv.o)
                0x00105d5c                C3D_GetTexEnv
 .text.C3Di_TexEnvBind
                0x00105d90       0x24 /opt/devkitpro/libctru/lib/libcitro3d.a(texenv.o)
                0x00105d90                C3Di_TexEnvBind
 .text.C3D_TexBind
                0x00105db4       0x44 /opt/devkitpro/libctru/lib/libcitro3d.a(texture.o)
                0x00105db4                C3D_TexBind
 .text.C3Di_SetTex
                0x00105df8      0x14c /opt/devkitpro/libctru/lib/libcitro3d.a(texture.o)
                0x00105df8                C3Di_SetTex
 .text.C3D_UpdateUniforms
                0x00105f44      0x290 /opt/devkitpro/libctru/lib/libcitro3d.a(uniforms.o)
                0x00105f44                C3D_UpdateUniforms
 .text.C3Di_DirtyUniforms
                0x001061d4       0xc0 /opt/devkitpro/libctru/lib/libcitro3d.a(uniforms.o)
                0x001061d4                C3Di_DirtyUniforms
 .text.C3Di_LoadShaderUniforms
                0x00106294       0xd8 /opt/devkitpro/libctru/lib/libcitro3d.a(uniforms.o)
                0x00106294                C3Di_LoadShaderUniforms
 .text.C3Di_ClearShaderUniforms
                0x0010636c       0x28 /opt/devkitpro/libctru/lib/libcitro3d.a(uniforms.o)
                0x0010636c                C3Di_ClearShaderUniforms
 .text.Mtx_Ortho
                0x00106394       0xcc /opt/devkitpro/libctru/lib/libcitro3d.a(mtx_ortho.o)
                0x00106394                Mtx_Ortho
 .text.Mtx_OrthoTilt
                0x00106460       0xcc /opt/devkitpro/libctru/lib/libcitro3d.a(mtx_orthotilt.o)
                0x00106460                Mtx_OrthoTilt
 .text._ZL21addrMapNodeComparatorPK11rbtree_nodeS1_
                0x0010652c       0x24 /opt/devkitpro/libctru/lib/libctru.a(linear.o)
 .text._ZL21addrMapNodeDestructorP11rbtree_node
                0x00106550        0x4 /opt/devkitpro/libctru/lib/libctru.a(linear.o)
 .text.linearMemAlign
                0x00106554      0x12c /opt/devkitpro/libctru/lib/libctru.a(linear.o)
                0x00106554                linearMemAlign
 .text.linearAlloc
                0x00106680        0x8 /opt/devkitpro/libctru/lib/libctru.a(linear.o)
                0x00106680                linearAlloc
 .text.linearFree
                0x00106688       0x5c /opt/devkitpro/libctru/lib/libctru.a(linear.o)
                0x00106688                linearFree
 .text._ZN7MemPool13CoalesceRightEP8MemBlock
                0x001066e4       0x88 /opt/devkitpro/libctru/lib/libctru.a(mem_pool.o)
                0x001066e4                MemPool::CoalesceRight(MemBlock*)
 .text._ZN7MemPool8AllocateER8MemChunkmi
                0x0010676c      0x178 /opt/devkitpro/libctru/lib/libctru.a(mem_pool.o)
                0x0010676c                MemPool::Allocate(MemChunk&, unsigned long, int)
 .text._ZN7MemPool10DeallocateERK8MemChunk
                0x001068e4      0x118 /opt/devkitpro/libctru/lib/libctru.a(mem_pool.o)
                0x001068e4                MemPool::Deallocate(MemChunk const&)
 .text._ZN7MemPool12GetFreeSpaceEv
                0x001069fc       0x30 /opt/devkitpro/libctru/lib/libctru.a(mem_pool.o)
                0x001069fc                MemPool::GetFreeSpace()
 .text._ZL21addrMapNodeComparatorPK11rbtree_nodeS1_
                0x00106a2c       0x24 /opt/devkitpro/libctru/lib/libctru.a(vram.o)
 .text._ZL21addrMapNodeDestructorP11rbtree_node
                0x00106a50        0x4 /opt/devkitpro/libctru/lib/libctru.a(vram.o)
 .text.vramMemAlignAt
                0x00106a54      0x248 /opt/devkitpro/libctru/lib/libctru.a(vram.o)
                0x00106a54                vramMemAlignAt
 .text.vramAlloc
                0x00106c9c        0xc /opt/devkitpro/libctru/lib/libctru.a(vram.o)
                0x00106c9c                vramAlloc
 .text.vramAllocAt
                0x00106ca8        0xc /opt/devkitpro/libctru/lib/libctru.a(vram.o)
                0x00106ca8                vramAllocAt
 .text.vramFree
                0x00106cb4       0x94 /opt/devkitpro/libctru/lib/libctru.a(vram.o)
                0x00106cb4                vramFree
 .text.fontEnsureMapped
                0x00106d48       0x9c /opt/devkitpro/libctru/lib/libctru.a(font.o)
                0x00106d48                fontEnsureMapped
 .text.fontFixPointers
                0x00106de4       0x7c /opt/devkitpro/libctru/lib/libctru.a(font.o)
                0x00106de4                fontFixPointers
 .text.fontGlyphIndexFromCodePoint
                0x00106e60      0x100 /opt/devkitpro/libctru/lib/libctru.a(font.o)
                0x00106e60                fontGlyphIndexFromCodePoint
 .text.fontCalcGlyphPos
                0x00106f60      0x214 /opt/devkitpro/libctru/lib/libctru.a(font.o)
                0x00106f60                fontCalcGlyphPos
 .text.gfxPresentFramebuffer
                0x00107174       0xcc /opt/devkitpro/libctru/lib/libctru.a(gfx.o)
 .text.gfxIsWide
                0x00107240       0x1c /opt/devkitpro/libctru/lib/libctru.a(gfx.o)
                0x00107240                gfxIsWide
 .text.gfxSetScreenFormat
                0x0010725c       0xf8 /opt/devkitpro/libctru/lib/libctru.a(gfx.o)
                0x0010725c                gfxSetScreenFormat
 .text.gfxInit  0x00107354       0xd8 /opt/devkitpro/libctru/lib/libctru.a(gfx.o)
                0x00107354                gfxInit
 .text.gfxInitDefault
                0x0010742c       0x10 /opt/devkitpro/libctru/lib/libctru.a(gfx.o)
                0x0010742c                gfxInitDefault
 .text.gfxExit  0x0010743c       0xb8 /opt/devkitpro/libctru/lib/libctru.a(gfx.o)
                0x0010743c                gfxExit
 .text.gfxGetFramebuffer
                0x001074f4       0xa0 /opt/devkitpro/libctru/lib/libctru.a(gfx.o)
                0x001074f4                gfxGetFramebuffer
 .text.gfxScreenSwapBuffers
                0x00107594       0x28 /opt/devkitpro/libctru/lib/libctru.a(gfx.o)
                0x00107594                gfxScreenSwapBuffers
 .text.osConvertVirtToPhys
                0x001075bc       0x74 /opt/devkitpro/libctru/lib/libctru.a(os.o)
                0x001075bc                osConvertVirtToPhys
 .text.osGetTimeRef
                0x00107630       0x54 /opt/devkitpro/libctru/lib/libctru.a(os.o)
                0x00107630                osGetTimeRef
 .text.osGetTime
                0x00107684       0xec /opt/devkitpro/libctru/lib/libctru.a(os.o)
                0x00107684                osGetTime
 .text.__ctru_speedup_config
                0x00107770       0x34 /opt/devkitpro/libctru/lib/libctru.a(os.o)
                0x00107770                __ctru_speedup_config
 .text.romfs_close
                0x001077a4        0x8 /opt/devkitpro/libctru/lib/libctru.a(romfs_dev.o)
 .text.romfs_seek
                0x001077ac       0xac /opt/devkitpro/libctru/lib/libctru.a(romfs_dev.o)
 .text.romfs_dirreset
                0x00107858       0x24 /opt/devkitpro/libctru/lib/libctru.a(romfs_dev.o)
 .text.fill_dir
                0x0010787c       0xc0 /opt/devkitpro/libctru/lib/libctru.a(romfs_dev.o)
 .text.romfs_dirnext
                0x0010793c      0x2ac /opt/devkitpro/libctru/lib/libctru.a(romfs_dev.o)
 .text.romfs_free
                0x00107be8       0x74 /opt/devkitpro/libctru/lib/libctru.a(romfs_dev.o)
 .text.searchForFile.constprop.0
                0x00107c5c       0xd0 /opt/devkitpro/libctru/lib/libctru.a(romfs_dev.o)
 .text.searchForDir.constprop.0
                0x00107d2c       0xd4 /opt/devkitpro/libctru/lib/libctru.a(romfs_dev.o)
 .text.navigateToDir.constprop.0
                0x00107e00      0x1c0 /opt/devkitpro/libctru/lib/libctru.a(romfs_dev.o)
 .text.romfs_open
                0x00107fc0      0x114 /opt/devkitpro/libctru/lib/libctru.a(romfs_dev.o)
 .text.romfs_chdir
                0x001080d4       0x4c /opt/devkitpro/libctru/lib/libctru.a(romfs_dev.o)
 .text.romfs_diropen
                0x00108120       0x68 /opt/devkitpro/libctru/lib/libctru.a(romfs_dev.o)
 .text.romfs_stat
                0x00108188      0x178 /opt/devkitpro/libctru/lib/libctru.a(romfs_dev.o)
 .text.romfs_dirclose
                0x00108300        0x8 /opt/devkitpro/libctru/lib/libctru.a(romfs_dev.o)
 .text.romfs_fstat
                0x00108308       0x7c /opt/devkitpro/libctru/lib/libctru.a(romfs_dev.o)
 .text.romfs_read
                0x00108384       0xd0 /opt/devkitpro/libctru/lib/libctru.a(romfs_dev.o)
 .text.romfsMountFromFile
                0x00108454      0x28c /opt/devkitpro/libctru/lib/libctru.a(romfs_dev.o)
                0x00108454                romfsMountFromFile
 .text.romfsMountFromTitle
                0x001086e0       0xac /opt/devkitpro/libctru/lib/libctru.a(romfs_dev.o)
                0x001086e0                romfsMountFromTitle
 .text.romfsUnmount
                0x0010878c       0xa0 /opt/devkitpro/libctru/lib/libctru.a(romfs_dev.o)
                0x0010878c                romfsUnmount
 .text.GPUCMD_Add
                0x0010882c      0x13c /opt/devkitpro/libctru/lib/libctru.a(gpu.o)
                0x0010882c                GPUCMD_Add
 .text.GPUCMD_Split
                0x00108968       0xb0 /opt/devkitpro/libctru/lib/libctru.a(gpu.o)
                0x00108968                GPUCMD_Split
 .text.f32tof16
                0x00108a18       0x34 /opt/devkitpro/libctru/lib/libctru.a(gpu.o)
                0x00108a18                f32tof16
 .text.f32tof24
                0x00108a4c       0x34 /opt/devkitpro/libctru/lib/libctru.a(gpu.o)
                0x00108a4c                f32tof24
 .text.f32tof31
                0x00108a80       0x38 /opt/devkitpro/libctru/lib/libctru.a(gpu.o)
                0x00108a80                f32tof31
 .text.GX_BindQueue
                0x00108ab8       0x10 /opt/devkitpro/libctru/lib/libctru.a(gx.o)
                0x00108ab8                GX_BindQueue
 .text.GX_ProcessCommandList
                0x00108ac8       0x7c /opt/devkitpro/libctru/lib/libctru.a(gx.o)
                0x00108ac8                GX_ProcessCommandList
 .text.GX_MemoryFill
                0x00108b44       0x74 /opt/devkitpro/libctru/lib/libctru.a(gx.o)
                0x00108b44                GX_MemoryFill
 .text.GX_DisplayTransfer
                0x00108bb8       0x74 /opt/devkitpro/libctru/lib/libctru.a(gx.o)
                0x00108bb8                GX_DisplayTransfer
 .text.gxCmdQueueDoCommands.part.0
                0x00108c2c       0x64 /opt/devkitpro/libctru/lib/libctru.a(gxqueue.o)
 .text.gxCmdQueueInterrupt
                0x00108c90       0xe4 /opt/devkitpro/libctru/lib/libctru.a(gxqueue.o)
                0x00108c90                gxCmdQueueInterrupt
 .text.gxCmdQueueClear
                0x00108d74       0x68 /opt/devkitpro/libctru/lib/libctru.a(gxqueue.o)
                0x00108d74                gxCmdQueueClear
 .text.gxCmdQueueAdd
                0x00108ddc      0x108 /opt/devkitpro/libctru/lib/libctru.a(gxqueue.o)
                0x00108ddc                gxCmdQueueAdd
 .text.gxCmdQueueRun
                0x00108ee4       0x80 /opt/devkitpro/libctru/lib/libctru.a(gxqueue.o)
                0x00108ee4                gxCmdQueueRun
 .text.gxCmdQueueStop
                0x00108f64       0x64 /opt/devkitpro/libctru/lib/libctru.a(gxqueue.o)
                0x00108f64                gxCmdQueueStop
 .text.gxCmdQueueWait
                0x00108fc8       0x8c /opt/devkitpro/libctru/lib/libctru.a(gxqueue.o)
                0x00108fc8                gxCmdQueueWait
 .text.shaderInstanceInit
                0x00109054      0x1e0 /opt/devkitpro/libctru/lib/libctru.a(shaderProgram.o)
                0x00109054                shaderInstanceInit
 .text.shaderInstanceGetUniformLocation
                0x00109234       0x18 /opt/devkitpro/libctru/lib/libctru.a(shaderProgram.o)
                0x00109234                shaderInstanceGetUniformLocation
 .text.shaderProgramInit
                0x0010924c       0x1c /opt/devkitpro/libctru/lib/libctru.a(shaderProgram.o)
                0x0010924c                shaderProgramInit
 .text.shaderProgramFree
                0x00109268       0x74 /opt/devkitpro/libctru/lib/libctru.a(shaderProgram.o)
                0x00109268                shaderProgramFree
 .text.shaderProgramSetVsh
                0x001092dc       0x94 /opt/devkitpro/libctru/lib/libctru.a(shaderProgram.o)
                0x001092dc                shaderProgramSetVsh
 .text.shaderProgramConfigure
                0x00109370      0x8d0 /opt/devkitpro/libctru/lib/libctru.a(shaderProgram.o)
                0x00109370                shaderProgramConfigure
 .text.DVLE_GenerateOutmap.part.0
                0x00109c40      0x1dc /opt/devkitpro/libctru/lib/libctru.a(shbin.o)
 .text.DVLB_ParseFile
                0x00109e1c      0x1ac /opt/devkitpro/libctru/lib/libctru.a(shbin.o)
                0x00109e1c                DVLB_ParseFile
 .text.DVLB_Free
                0x00109fc8       0x50 /opt/devkitpro/libctru/lib/libctru.a(shbin.o)
                0x00109fc8                DVLB_Free
 .text.DVLE_GetUniformRegister
                0x0010a018       0x74 /opt/devkitpro/libctru/lib/libctru.a(shbin.o)
                0x0010a018                DVLE_GetUniformRegister
 .text.aptConvertScreenForCapture
                0x0010a08c      0x180 /opt/devkitpro/libctru/lib/libctru.a(apt.o)
 .text.aptDspSleep
                0x0010a20c        0x8 /opt/devkitpro/libctru/lib/libctru.a(apt.o)
                0x0010a20c                aptDspSleep
 .text.aptDspWakeup
                0x0010a214        0x4 /opt/devkitpro/libctru/lib/libctru.a(apt.o)
                0x0010a214                aptDspWakeup
 .text.aptDspCancel
                0x0010a218        0x4 /opt/devkitpro/libctru/lib/libctru.a(apt.o)
                0x0010a218                aptDspCancel
 .text.aptSendCommand
                0x0010a21c      0x138 /opt/devkitpro/libctru/lib/libctru.a(apt.o)
                0x0010a21c                aptSendCommand
 *fill*         0x0010a354        0x4 
 .text.aptExitProcess
                0x0010a358       0x44 /opt/devkitpro/libctru/lib/libctru.a(apt.o)
 .text.aptExit  0x0010a39c      0x394 /opt/devkitpro/libctru/lib/libctru.a(apt.o)
                0x0010a39c                aptExit
 .text.aptHandleSleep
                0x0010a730       0xd8 /opt/devkitpro/libctru/lib/libctru.a(apt.o)
                0x0010a730                aptHandleSleep
 .text.aptHook  0x0010a808       0x34 /opt/devkitpro/libctru/lib/libctru.a(apt.o)
                0x0010a808                aptHook
 .text.aptUnhook
                0x0010a83c       0x30 /opt/devkitpro/libctru/lib/libctru.a(apt.o)
                0x0010a83c                aptUnhook
 .text.APT_SleepIfShellClosed
                0x0010a86c       0x84 /opt/devkitpro/libctru/lib/libctru.a(apt.o)
                0x0010a86c                APT_SleepIfShellClosed
 .text.aptSetSleepAllowed
                0x0010a8f0       0x78 /opt/devkitpro/libctru/lib/libctru.a(apt.o)
                0x0010a8f0                aptSetSleepAllowed
 .text.APT_UnlockTransition
                0x0010a968       0x84 /opt/devkitpro/libctru/lib/libctru.a(apt.o)
                0x0010a968                APT_UnlockTransition
 *fill*         0x0010a9ec        0x4 
 .text.aptEventHandler
                0x0010a9f0      0x470 /opt/devkitpro/libctru/lib/libctru.a(apt.o)
 .text.APT_ReceiveParameter
                0x0010ae60       0xbc /opt/devkitpro/libctru/lib/libctru.a(apt.o)
                0x0010ae60                APT_ReceiveParameter
 .text.aptReceiveParameter.constprop.0
                0x0010af1c       0xb0 /opt/devkitpro/libctru/lib/libctru.a(apt.o)
 *fill*         0x0010afcc        0x4 
 .text.aptScreenTransfer
                0x0010afd0      0x294 /opt/devkitpro/libctru/lib/libctru.a(apt.o)
 .text.aptWaitForWakeUp.isra.0
                0x0010b264      0x2d0 /opt/devkitpro/libctru/lib/libctru.a(apt.o)
 .text.aptJumpToHomeMenu
                0x0010b534       0xf4 /opt/devkitpro/libctru/lib/libctru.a(apt.o)
                0x0010b534                aptJumpToHomeMenu
 .text.aptMainLoop
                0x0010b628       0x58 /opt/devkitpro/libctru/lib/libctru.a(apt.o)
                0x0010b628                aptMainLoop
 .text.aptInit  0x0010b680      0x240 /opt/devkitpro/libctru/lib/libctru.a(apt.o)
                0x0010b680                aptInit
 .text.APT_CheckNew3DS
                0x0010b8c0       0x90 /opt/devkitpro/libctru/lib/libctru.a(apt.o)
                0x0010b8c0                APT_CheckNew3DS
 .text.APT_GetSharedFont
                0x0010b950       0x48 /opt/devkitpro/libctru/lib/libctru.a(apt.o)
                0x0010b950                APT_GetSharedFont
 .text.CFGU_SecureInfoGetRegion
                0x0010b998       0x38 /opt/devkitpro/libctru/lib/libctru.a(cfgu.o)
                0x0010b998                CFGU_SecureInfoGetRegion
 .text.fsInit   0x0010b9d0      0x104 /opt/devkitpro/libctru/lib/libctru.a(fs.o)
                0x0010b9d0                fsInit
 .text.fsExit   0x0010bad4       0x3c /opt/devkitpro/libctru/lib/libctru.a(fs.o)
                0x0010bad4                fsExit
 .text.fsExemptFromSession
                0x0010bb10       0x68 /opt/devkitpro/libctru/lib/libctru.a(fs.o)
                0x0010bb10                fsExemptFromSession
 .text.fsUnexemptFromSession
                0x0010bb78       0x50 /opt/devkitpro/libctru/lib/libctru.a(fs.o)
                0x0010bb78                fsUnexemptFromSession
 .text.FSUSER_OpenFile
                0x0010bbc8       0xcc /opt/devkitpro/libctru/lib/libctru.a(fs.o)
                0x0010bbc8                FSUSER_OpenFile
 .text.FSUSER_OpenFileDirectly
                0x0010bc94       0xcc /opt/devkitpro/libctru/lib/libctru.a(fs.o)
                0x0010bc94                FSUSER_OpenFileDirectly
 .text.FSUSER_DeleteFile
                0x0010bd60       0xb8 /opt/devkitpro/libctru/lib/libctru.a(fs.o)
                0x0010bd60                FSUSER_DeleteFile
 .text.FSUSER_RenameFile
                0x0010be18       0xf4 /opt/devkitpro/libctru/lib/libctru.a(fs.o)
                0x0010be18                FSUSER_RenameFile
 .text.FSUSER_DeleteDirectory
                0x0010bf0c       0xb8 /opt/devkitpro/libctru/lib/libctru.a(fs.o)
                0x0010bf0c                FSUSER_DeleteDirectory
 .text.FSUSER_CreateFile
                0x0010bfc4       0xd0 /opt/devkitpro/libctru/lib/libctru.a(fs.o)
                0x0010bfc4                FSUSER_CreateFile
 .text.FSUSER_CreateDirectory
                0x0010c094       0xc0 /opt/devkitpro/libctru/lib/libctru.a(fs.o)
                0x0010c094                FSUSER_CreateDirectory
 .text.FSUSER_RenameDirectory
                0x0010c154       0xf4 /opt/devkitpro/libctru/lib/libctru.a(fs.o)
                0x0010c154                FSUSER_RenameDirectory
 .text.FSUSER_OpenDirectory
                0x0010c248       0xb4 /opt/devkitpro/libctru/lib/libctru.a(fs.o)
                0x0010c248                FSUSER_OpenDirectory
 .text.FSUSER_OpenArchive
                0x0010c2fc       0x90 /opt/devkitpro/libctru/lib/libctru.a(fs.o)
                0x0010c2fc                FSUSER_OpenArchive
 .text.FSUSER_CloseArchive
                0x0010c38c       0x8c /opt/devkitpro/libctru/lib/libctru.a(fs.o)
                0x0010c38c                FSUSER_CloseArchive
 .text.FSUSER_GetSdmcArchiveResource
                0x0010c418       0x74 /opt/devkitpro/libctru/lib/libctru.a(fs.o)
                0x0010c418                FSUSER_GetSdmcArchiveResource
 .text.FSUSER_IsSdmcWritable
                0x0010c48c       0x64 /opt/devkitpro/libctru/lib/libctru.a(fs.o)
                0x0010c48c                FSUSER_IsSdmcWritable
 .text.FSFILE_Read
                0x0010c4f0       0x64 /opt/devkitpro/libctru/lib/libctru.a(fs.o)
                0x0010c4f0                FSFILE_Read
 .text.FSFILE_Write
                0x0010c554       0x6c /opt/devkitpro/libctru/lib/libctru.a(fs.o)
                0x0010c554                FSFILE_Write
 .text.FSFILE_GetSize
                0x0010c5c0       0x44 /opt/devkitpro/libctru/lib/libctru.a(fs.o)
                0x0010c5c0                FSFILE_GetSize
 .text.FSFILE_SetSize
                0x0010c604       0x28 /opt/devkitpro/libctru/lib/libctru.a(fs.o)
                0x0010c604                FSFILE_SetSize
 .text.FSFILE_Close
                0x0010c62c       0x3c /opt/devkitpro/libctru/lib/libctru.a(fs.o)
                0x0010c62c                FSFILE_Close
 .text.FSFILE_Flush
                0x0010c668       0x24 /opt/devkitpro/libctru/lib/libctru.a(fs.o)
                0x0010c668                FSFILE_Flush
 .text.FSDIR_Read
                0x0010c68c       0x60 /opt/devkitpro/libctru/lib/libctru.a(fs.o)
                0x0010c68c                FSDIR_Read
 .text.FSDIR_Close
                0x0010c6ec       0x3c /opt/devkitpro/libctru/lib/libctru.a(fs.o)
                0x0010c6ec                FSDIR_Close
 .text.gspHardwareInit
                0x0010c728      0xc70 /opt/devkitpro/libctru/lib/libctru.a(gspgpu.o)
 .text.gspInit  0x0010d398      0x280 /opt/devkitpro/libctru/lib/libctru.a(gspgpu.o)
                0x0010d398                gspInit
 .text.gspExit  0x0010d618      0x110 /opt/devkitpro/libctru/lib/libctru.a(gspgpu.o)
                0x0010d618                gspExit
 .text.gspHasGpuRight
                0x0010d728       0x10 /opt/devkitpro/libctru/lib/libctru.a(gspgpu.o)
                0x0010d728                gspHasGpuRight
 .text.gspPresentBuffer
                0x0010d738       0xa4 /opt/devkitpro/libctru/lib/libctru.a(gspgpu.o)
                0x0010d738                gspPresentBuffer
 .text.gspSetEventCallback
                0x0010d7dc       0x30 /opt/devkitpro/libctru/lib/libctru.a(gspgpu.o)
                0x0010d7dc                gspSetEventCallback
 .text.gspWaitForEvent
                0x0010d80c       0x50 /opt/devkitpro/libctru/lib/libctru.a(gspgpu.o)
                0x0010d80c                gspWaitForEvent
 .text.gspWaitForAnyEvent
                0x0010d85c       0x4c /opt/devkitpro/libctru/lib/libctru.a(gspgpu.o)
                0x0010d85c                gspWaitForAnyEvent
 .text.gspEventThreadMain
                0x0010d8a8      0x154 /opt/devkitpro/libctru/lib/libctru.a(gspgpu.o)
 .text.gspSubmitGxCommand
                0x0010d9fc      0x12c /opt/devkitpro/libctru/lib/libctru.a(gspgpu.o)
                0x0010d9fc                gspSubmitGxCommand
 .text.GSPGPU_FlushDataCache
                0x0010db28       0x50 /opt/devkitpro/libctru/lib/libctru.a(gspgpu.o)
                0x0010db28                GSPGPU_FlushDataCache
 .text.GSPGPU_SetLcdForceBlack
                0x0010db78       0x34 /opt/devkitpro/libctru/lib/libctru.a(gspgpu.o)
                0x0010db78                GSPGPU_SetLcdForceBlack
 .text.GSPGPU_AcquireRight
                0x0010dbac       0x80 /opt/devkitpro/libctru/lib/libctru.a(gspgpu.o)
                0x0010dbac                GSPGPU_AcquireRight
 .text.GSPGPU_ReleaseRight
                0x0010dc2c       0x5c /opt/devkitpro/libctru/lib/libctru.a(gspgpu.o)
                0x0010dc2c                GSPGPU_ReleaseRight
 .text.GSPGPU_ImportDisplayCaptureInfo
                0x0010dc88       0x7c /opt/devkitpro/libctru/lib/libctru.a(gspgpu.o)
                0x0010dc88                GSPGPU_ImportDisplayCaptureInfo
 .text.GSPGPU_SaveVramSysArea
                0x0010dd04       0x2c /opt/devkitpro/libctru/lib/libctru.a(gspgpu.o)
                0x0010dd04                GSPGPU_SaveVramSysArea
 .text.GSPGPU_RestoreVramSysArea
                0x0010dd30       0x2c /opt/devkitpro/libctru/lib/libctru.a(gspgpu.o)
                0x0010dd30                GSPGPU_RestoreVramSysArea
 .text.hidShouldUseIrrst
                0x0010dd5c       0x24 /opt/devkitpro/libctru/lib/libctru.a(hid.o)
                0x0010dd5c                hidShouldUseIrrst
 .text.hidInit  0x0010dd80      0x1cc /opt/devkitpro/libctru/lib/libctru.a(hid.o)
                0x0010dd80                hidInit
 .text.hidExit  0x0010df4c       0xe8 /opt/devkitpro/libctru/lib/libctru.a(hid.o)
                0x0010df4c                hidExit
 .text.hidScanInput
                0x0010e034      0x2a0 /opt/devkitpro/libctru/lib/libctru.a(hid.o)
                0x0010e034                hidScanInput
 .text.hidKeysHeld
                0x0010e2d4       0x10 /opt/devkitpro/libctru/lib/libctru.a(hid.o)
                0x0010e2d4                hidKeysHeld
 .text.hidKeysDown
                0x0010e2e4       0x10 /opt/devkitpro/libctru/lib/libctru.a(hid.o)
                0x0010e2e4                hidKeysDown
 .text.irrstInit
                0x0010e2f4      0x1a4 /opt/devkitpro/libctru/lib/libctru.a(irrst.o)
                0x0010e2f4                irrstInit
 .text.irrstExit
                0x0010e498       0xdc /opt/devkitpro/libctru/lib/libctru.a(irrst.o)
                0x0010e498                irrstExit
 .text.irrstScanInput
                0x0010e574       0xb4 /opt/devkitpro/libctru/lib/libctru.a(irrst.o)
                0x0010e574                irrstScanInput
 .text.irrstKeysHeld
                0x0010e628       0x24 /opt/devkitpro/libctru/lib/libctru.a(irrst.o)
                0x0010e628                irrstKeysHeld
 .text.ptmSysmInit
                0x0010e64c       0x78 /opt/devkitpro/libctru/lib/libctru.a(ptmsysm.o)
                0x0010e64c                ptmSysmInit
 .text.ptmSysmExit
                0x0010e6c4       0x3c /opt/devkitpro/libctru/lib/libctru.a(ptmsysm.o)
                0x0010e6c4                ptmSysmExit
 .text.PTMSYSM_ConfigureNew3DSCPU
                0x0010e700       0x34 /opt/devkitpro/libctru/lib/libctru.a(ptmsysm.o)
                0x0010e700                PTMSYSM_ConfigureNew3DSCPU
 .text.buffer_read
                0x0010e734       0xe0 /opt/devkitpro/libctru/lib/libctru.a(decompress.o)
 .text.iov_memmove
                0x0010e814      0x164 /opt/devkitpro/libctru/lib/libctru.a(decompress.o)
 .text.decompress_lz11
                0x0010e978      0x418 /opt/devkitpro/libctru/lib/libctru.a(decompress.o)
 .text.decompressV_LZ11
                0x0010ed90      0x110 /opt/devkitpro/libctru/lib/libctru.a(decompress.o)
                0x0010ed90                decompressV_LZ11
 .text.rbtree_find
                0x0010eea0       0x74 /opt/devkitpro/libctru/lib/libctru.a(rbtree_find.o)
                0x0010eea0                rbtree_find
 .text.rbtree_init
                0x0010ef14       0x10 /opt/devkitpro/libctru/lib/libctru.a(rbtree_init.o)
                0x0010ef14                rbtree_init
 .text.do_insert
                0x0010ef24      0x198 /opt/devkitpro/libctru/lib/libctru.a(rbtree_insert.o)
 .text.rbtree_insert
                0x0010f0bc        0x8 /opt/devkitpro/libctru/lib/libctru.a(rbtree_insert.o)
                0x0010f0bc                rbtree_insert
 .text.rbtree_remove
                0x0010f0c4      0x310 /opt/devkitpro/libctru/lib/libctru.a(rbtree_remove.o)
                0x0010f0c4                rbtree_remove
 .text.rbtree_rotate
                0x0010f3d4       0x90 /opt/devkitpro/libctru/lib/libctru.a(rbtree_rotate.o)
                0x0010f3d4                rbtree_rotate
 .text.decode_utf8
                0x0010f464      0x140 /opt/devkitpro/libctru/lib/libctru.a(decode_utf8.o)
                0x0010f464                decode_utf8
 .text.utf16_to_utf8
                0x0010f5a4       0xe8 /opt/devkitpro/libctru/lib/libctru.a(utf16_to_utf8.o)
                0x0010f5a4                utf16_to_utf8
 .text.utf8_to_utf16
                0x0010f68c       0xc0 /opt/devkitpro/libctru/lib/libctru.a(utf8_to_utf16.o)
                0x0010f68c                utf8_to_utf16
 *fill*         0x0010f74c        0x4 
 .text.__system_allocateHeaps
                0x0010f750      0x1e8 /opt/devkitpro/libctru/lib/libctru.a(allocateHeaps.o)
                0x0010f750                __system_allocateHeaps
 .text.__libctru_init
                0x0010f938       0x38 /opt/devkitpro/libctru/lib/libctru.a(ctru_init.o)
                0x0010f938                __libctru_init
 .text.__system_initArgv
                0x0010f970      0x16c /opt/devkitpro/libctru/lib/libctru.a(initArgv.o)
                0x0010f970                __system_initArgv
 .text.__syscall_getreent
                0x0010fadc       0x30 /opt/devkitpro/libctru/lib/libctru.a(syscalls.o)
                0x0010fadc                __syscall_getreent
 .text.__syscall_gettod_r
                0x0010fb0c       0x64 /opt/devkitpro/libctru/lib/libctru.a(syscalls.o)
                0x0010fb0c                __syscall_gettod_r
 .text.__syscall_lock_acquire
                0x0010fb70        0x4 /opt/devkitpro/libctru/lib/libctru.a(syscalls.o)
                0x0010fb70                __syscall_lock_acquire
 .text.__syscall_lock_release
                0x0010fb74        0x4 /opt/devkitpro/libctru/lib/libctru.a(syscalls.o)
                0x0010fb74                __syscall_lock_release
 .text.__syscall_lock_acquire_recursive
                0x0010fb78        0x4 /opt/devkitpro/libctru/lib/libctru.a(syscalls.o)
                0x0010fb78                __syscall_lock_acquire_recursive
 .text.__syscall_lock_release_recursive
                0x0010fb7c        0x4 /opt/devkitpro/libctru/lib/libctru.a(syscalls.o)
                0x0010fb7c                __syscall_lock_release_recursive
 .text.__syscall_exit
                0x0010fb80        0x4 /opt/devkitpro/libctru/lib/libctru.a(syscalls.o)
                0x0010fb80                __syscall_exit
 .text.initThreadVars
                0x0010fb84       0x54 /opt/devkitpro/libctru/lib/libctru.a(syscalls.o)
                0x0010fb84                initThreadVars
 .text.__system_initSyscalls
                0x0010fbd8       0x80 /opt/devkitpro/libctru/lib/libctru.a(syscalls.o)
                0x0010fbd8                __system_initSyscalls
 .text.svcControlMemory
                0x0010fc58       0x20 /opt/devkitpro/libctru/lib/libctru.a(svc.o)
                0x0010fc58                svcControlMemory
 .text.svcQueryMemory
                0x0010fc78       0x30 /opt/devkitpro/libctru/lib/libctru.a(svc.o)
                0x0010fc78                svcQueryMemory
 .text.svcExitProcess
                0x0010fca8        0x8 /opt/devkitpro/libctru/lib/libctru.a(svc.o)
                0x0010fca8                svcExitProcess
 .text.svcCreateThread
                0x0010fcb0       0x20 /opt/devkitpro/libctru/lib/libctru.a(svc.o)
                0x0010fcb0                svcCreateThread
 .text.svcExitThread
                0x0010fcd0        0x8 /opt/devkitpro/libctru/lib/libctru.a(svc.o)
                0x0010fcd0                svcExitThread
 .text.svcSleepThread
                0x0010fcd8        0x8 /opt/devkitpro/libctru/lib/libctru.a(svc.o)
                0x0010fcd8                svcSleepThread
 .text.svcReleaseMutex
                0x0010fce0        0x8 /opt/devkitpro/libctru/lib/libctru.a(svc.o)
                0x0010fce0                svcReleaseMutex
 .text.svcCreateEvent
                0x0010fce8       0x14 /opt/devkitpro/libctru/lib/libctru.a(svc.o)
                0x0010fce8                svcCreateEvent
 .text.svcSignalEvent
                0x0010fcfc        0x8 /opt/devkitpro/libctru/lib/libctru.a(svc.o)
                0x0010fcfc                svcSignalEvent
 .text.svcClearEvent
                0x0010fd04        0x8 /opt/devkitpro/libctru/lib/libctru.a(svc.o)
                0x0010fd04                svcClearEvent
 .text.svcMapMemoryBlock
                0x0010fd0c        0x8 /opt/devkitpro/libctru/lib/libctru.a(svc.o)
                0x0010fd0c                svcMapMemoryBlock
 .text.svcUnmapMemoryBlock
                0x0010fd14        0x8 /opt/devkitpro/libctru/lib/libctru.a(svc.o)
                0x0010fd14                svcUnmapMemoryBlock
 .text.svcCreateAddressArbiter
                0x0010fd1c       0x14 /opt/devkitpro/libctru/lib/libctru.a(svc.o)
                0x0010fd1c                svcCreateAddressArbiter
 .text.svcArbitrateAddressNoTimeout
                0x0010fd30        0x8 /opt/devkitpro/libctru/lib/libctru.a(svc.o)
                0x0010fd30                svcArbitrateAddressNoTimeout
 .text.svcCloseHandle
                0x0010fd38        0x8 /opt/devkitpro/libctru/lib/libctru.a(svc.o)
                0x0010fd38                svcCloseHandle
 .text.svcWaitSynchronization
                0x0010fd40        0x8 /opt/devkitpro/libctru/lib/libctru.a(svc.o)
                0x0010fd40                svcWaitSynchronization
 .text.svcWaitSynchronizationN
                0x0010fd48       0x28 /opt/devkitpro/libctru/lib/libctru.a(svc.o)
                0x0010fd48                svcWaitSynchronizationN
 .text.svcDuplicateHandle
                0x0010fd70       0x14 /opt/devkitpro/libctru/lib/libctru.a(svc.o)
                0x0010fd70                svcDuplicateHandle
 .text.svcGetSystemTick
                0x0010fd84        0x8 /opt/devkitpro/libctru/lib/libctru.a(svc.o)
                0x0010fd84                svcGetSystemTick
 .text.svcConnectToPort
                0x0010fd8c       0x14 /opt/devkitpro/libctru/lib/libctru.a(svc.o)
                0x0010fd8c                svcConnectToPort
 .text.svcSendSyncRequest
                0x0010fda0        0x8 /opt/devkitpro/libctru/lib/libctru.a(svc.o)
                0x0010fda0                svcSendSyncRequest
 .text.svcGetResourceLimit
                0x0010fda8       0x14 /opt/devkitpro/libctru/lib/libctru.a(svc.o)
                0x0010fda8                svcGetResourceLimit
 .text.svcGetResourceLimitLimitValues
                0x0010fdbc        0x8 /opt/devkitpro/libctru/lib/libctru.a(svc.o)
                0x0010fdbc                svcGetResourceLimitLimitValues
 .text.svcGetResourceLimitCurrentValues
                0x0010fdc4        0x8 /opt/devkitpro/libctru/lib/libctru.a(svc.o)
                0x0010fdc4                svcGetResourceLimitCurrentValues
 .text.svcBreak
                0x0010fdcc        0x8 /opt/devkitpro/libctru/lib/libctru.a(svc.o)
                0x0010fdcc                svcBreak
 .text.__aeabi_read_tp
                0x0010fdd4        0xc /opt/devkitpro/libctru/lib/libctru.a(readtp.o)
                0x0010fdd4                __aeabi_read_tp
 .text.initSystem
                0x0010fde0       0x50 /opt/devkitpro/libctru/lib/libctru.a(stack_adjust.o)
                0x0010fde0                initSystem
 .text.__ctru_exit
                0x0010fe30       0x14 /opt/devkitpro/libctru/lib/libctru.a(stack_adjust.o)
                0x0010fe30                __ctru_exit
 .text.envGetHandle
                0x0010fe44       0x8c /opt/devkitpro/libctru/lib/libctru.a(env.o)
                0x0010fe44                envGetHandle
 .text.envDestroyHandles
                0x0010fed0       0x50 /opt/devkitpro/libctru/lib/libctru.a(env.o)
                0x0010fed0                envDestroyHandles
 .text.srvInit  0x0010ff20      0x164 /opt/devkitpro/libctru/lib/libctru.a(srv.o)
                0x0010ff20                srvInit
 .text.srvExit  0x00110084       0x64 /opt/devkitpro/libctru/lib/libctru.a(srv.o)
                0x00110084                srvExit
 .text.srvEnableNotification
                0x001100e8       0x60 /opt/devkitpro/libctru/lib/libctru.a(srv.o)
                0x001100e8                srvEnableNotification
 .text.srvGetServiceHandleDirect
                0x00110148       0xa0 /opt/devkitpro/libctru/lib/libctru.a(srv.o)
                0x00110148                srvGetServiceHandleDirect
 .text.srvGetServiceHandle
                0x001101e8       0x48 /opt/devkitpro/libctru/lib/libctru.a(srv.o)
                0x001101e8                srvGetServiceHandle
 .text.srvSubscribe
                0x00110230       0x34 /opt/devkitpro/libctru/lib/libctru.a(srv.o)
                0x00110230                srvSubscribe
 .text.srvReceiveNotification
                0x00110264       0x60 /opt/devkitpro/libctru/lib/libctru.a(srv.o)
                0x00110264                srvReceiveNotification
 .text.srvPublishToSubscriber
                0x001102c4       0x38 /opt/devkitpro/libctru/lib/libctru.a(srv.o)
                0x001102c4                srvPublishToSubscriber
 .text.__sync_init
                0x001102fc        0xc /opt/devkitpro/libctru/lib/libctru.a(synchronization.o)
                0x001102fc                __sync_init
 .text.__sync_fini
                0x00110308       0x18 /opt/devkitpro/libctru/lib/libctru.a(synchronization.o)
                0x00110308                __sync_fini
 .text.syncArbitrateAddress
                0x00110320       0x28 /opt/devkitpro/libctru/lib/libctru.a(synchronization.o)
                0x00110320                syncArbitrateAddress
 .text.LightLock_Lock
                0x00110348       0xac /opt/devkitpro/libctru/lib/libctru.a(synchronization.o)
                0x00110348                LightLock_Lock
 .text.LightLock_Unlock
                0x001103f4       0x40 /opt/devkitpro/libctru/lib/libctru.a(synchronization.o)
                0x001103f4                LightLock_Unlock
 .text.RecursiveLock_Lock
                0x00110434       0x54 /opt/devkitpro/libctru/lib/libctru.a(synchronization.o)
                0x00110434                RecursiveLock_Lock
 .text.RecursiveLock_Unlock
                0x00110488       0x54 /opt/devkitpro/libctru/lib/libctru.a(synchronization.o)
                0x00110488                RecursiveLock_Unlock
 .text.LightEvent_Init
                0x001104dc       0x44 /opt/devkitpro/libctru/lib/libctru.a(synchronization.o)
                0x001104dc                LightEvent_Init
 .text.LightEvent_Clear
                0x00110520       0xb8 /opt/devkitpro/libctru/lib/libctru.a(synchronization.o)
                0x00110520                LightEvent_Clear
 .text.LightEvent_Signal
                0x001105d8       0xdc /opt/devkitpro/libctru/lib/libctru.a(synchronization.o)
                0x001105d8                LightEvent_Signal
 .text.LightEvent_TryWait
                0x001106b4       0x50 /opt/devkitpro/libctru/lib/libctru.a(synchronization.o)
                0x001106b4                LightEvent_TryWait
 .text.LightEvent_Wait
                0x00110704       0xac /opt/devkitpro/libctru/lib/libctru.a(synchronization.o)
                0x00110704                LightEvent_Wait
 .text.threadCreate
                0x001107b0      0x1fc /opt/devkitpro/libctru/lib/libctru.a(thread.o)
                0x001107b0                threadCreate
 .text.threadFree
                0x001109ac       0x38 /opt/devkitpro/libctru/lib/libctru.a(thread.o)
                0x001109ac                threadFree
 .text.threadJoin
                0x001109e4       0x24 /opt/devkitpro/libctru/lib/libctru.a(thread.o)
                0x001109e4                threadJoin
 .text.threadGetCurrent
                0x00110a08       0x30 /opt/devkitpro/libctru/lib/libctru.a(thread.o)
                0x00110a08                threadGetCurrent
 .text.threadExit
                0x00110a38       0x40 /opt/devkitpro/libctru/lib/libctru.a(thread.o)
                0x00110a38                threadExit
 .text._thread_begin
                0x00110a78       0x20 /opt/devkitpro/libctru/lib/libctru.a(thread.o)
 .text.mappableFindAddressWithin
                0x00110a98       0x90 /opt/devkitpro/libctru/lib/libctru.a(mappable.o)
 .text.mappableInit
                0x00110b28       0x28 /opt/devkitpro/libctru/lib/libctru.a(mappable.o)
                0x00110b28                mappableInit
 .text.mappableAlloc
                0x00110b50       0x7c /opt/devkitpro/libctru/lib/libctru.a(mappable.o)
                0x00110b50                mappableAlloc
 .text.mappableFree
                0x00110bcc        0x4 /opt/devkitpro/libctru/lib/libctru.a(mappable.o)
                0x00110bcc                mappableFree
 .text.srvPmGetSessionHandle
                0x00110bd0        0xc /opt/devkitpro/libctru/lib/libctru.a(srvpm.o)
                0x00110bd0                srvPmGetSessionHandle
 .text.rbtree_node_next
                0x00110bdc       0x60 /opt/devkitpro/libctru/lib/libctru.a(rbtree_iterator.o)
                0x00110bdc                rbtree_node_next
 .text.decode_utf16
                0x00110c3c       0x54 /opt/devkitpro/libctru/lib/libctru.a(decode_utf16.o)
                0x00110c3c                decode_utf16
 .text.encode_utf16
                0x00110c90       0x54 /opt/devkitpro/libctru/lib/libctru.a(encode_utf16.o)
                0x00110c90                encode_utf16
 .text.encode_utf8
                0x00110ce4       0xe0 /opt/devkitpro/libctru/lib/libctru.a(encode_utf8.o)
                0x00110ce4                encode_utf8
 .text.__appExit
                0x00110dc4       0x30 /opt/devkitpro/libctru/lib/libctru.a(appExit.o)
                0x00110dc4                __appExit
 .text.__appInit
                0x00110df4       0x30 /opt/devkitpro/libctru/lib/libctru.a(appInit.o)
                0x00110df4                __appInit
 .text.__libctru_exit
                0x00110e24       0x90 /opt/devkitpro/libctru/lib/libctru.a(ctru_exit.o)
                0x00110e24                __libctru_exit
 .text.archive_link
                0x00110eb4       0x14 /opt/devkitpro/libctru/lib/libctru.a(archive_dev.o)
 .text.archive_dirreset
                0x00110ec8       0x14 /opt/devkitpro/libctru/lib/libctru.a(archive_dev.o)
 .text.archive_chmod
                0x00110edc       0x14 /opt/devkitpro/libctru/lib/libctru.a(archive_dev.o)
 .text.error_cmp
                0x00110ef0       0x24 /opt/devkitpro/libctru/lib/libctru.a(archive_dev.o)
 .text.archive_translate_error
                0x00110f14       0x50 /opt/devkitpro/libctru/lib/libctru.a(archive_dev.o)
 .text.archive_seek
                0x00110f64       0xc0 /opt/devkitpro/libctru/lib/libctru.a(archive_dev.o)
 .text._archiveInit.part.0
                0x00111024       0x78 /opt/devkitpro/libctru/lib/libctru.a(archive_dev.o)
 .text.archiveFindDevice.part.0
                0x0011109c       0xd4 /opt/devkitpro/libctru/lib/libctru.a(archive_dev.o)
 .text.archive_utf16path
                0x00111170      0x298 /opt/devkitpro/libctru/lib/libctru.a(archive_dev.o)
 .text._archiveUnmountDeviceStruct.part.0
                0x00111408       0x98 /opt/devkitpro/libctru/lib/libctru.a(archive_dev.o)
 .text.archive_statvfs
                0x001114a0       0x14 /opt/devkitpro/libctru/lib/libctru.a(archive_dev.o)
 .text.archive_fchmod
                0x001114b4       0x14 /opt/devkitpro/libctru/lib/libctru.a(archive_dev.o)
 .text._archiveMountDevice
                0x001114c8      0x178 /opt/devkitpro/libctru/lib/libctru.a(archive_dev.o)
 .text.archive_diropen
                0x00111640       0xf8 /opt/devkitpro/libctru/lib/libctru.a(archive_dev.o)
 .text.archive_fstat
                0x00111738       0xac /opt/devkitpro/libctru/lib/libctru.a(archive_dev.o)
 .text.archive_fsync
                0x001117e4       0x74 /opt/devkitpro/libctru/lib/libctru.a(archive_dev.o)
 .text.archive_close
                0x00111858       0x74 /opt/devkitpro/libctru/lib/libctru.a(archive_dev.o)
 .text.archive_dirclose
                0x001118cc       0x78 /opt/devkitpro/libctru/lib/libctru.a(archive_dev.o)
 .text.sdmc_statvfs
                0x00111944       0xec /opt/devkitpro/libctru/lib/libctru.a(archive_dev.o)
 .text.archive_chdir
                0x00111a30       0xf8 /opt/devkitpro/libctru/lib/libctru.a(archive_dev.o)
 .text.archive_ftruncate
                0x00111b28       0x8c /opt/devkitpro/libctru/lib/libctru.a(archive_dev.o)
 .text.archive_read
                0x00111bb4       0xbc /opt/devkitpro/libctru/lib/libctru.a(archive_dev.o)
 .text.archive_unlink
                0x00111c70       0xa8 /opt/devkitpro/libctru/lib/libctru.a(archive_dev.o)
 .text.archive_rmdir
                0x00111d18       0xc0 /opt/devkitpro/libctru/lib/libctru.a(archive_dev.o)
 .text.archive_mkdir
                0x00111dd8       0xd8 /opt/devkitpro/libctru/lib/libctru.a(archive_dev.o)
 .text.archive_stat
                0x00111eb0      0x1a0 /opt/devkitpro/libctru/lib/libctru.a(archive_dev.o)
 .text.archive_dirnext
                0x00112050      0x164 /opt/devkitpro/libctru/lib/libctru.a(archive_dev.o)
 .text.archive_write
                0x001121b4      0x13c /opt/devkitpro/libctru/lib/libctru.a(archive_dev.o)
 .text.archive_open
                0x001122f0      0x254 /opt/devkitpro/libctru/lib/libctru.a(archive_dev.o)
 .text.archive_rename
                0x00112544      0x270 /opt/devkitpro/libctru/lib/libctru.a(archive_dev.o)
 .text.archiveMountSdmc
                0x001127b4      0x1c8 /opt/devkitpro/libctru/lib/libctru.a(archive_dev.o)
                0x001127b4                archiveMountSdmc
 .text.archiveUnmountAll
                0x0011297c       0x54 /opt/devkitpro/libctru/lib/libctru.a(archive_dev.o)
                0x0011297c                archiveUnmountAll
 .text.ceilf    0x001129d0       0xc0 /opt/devkitpro/devkitARM/bin/../lib/gcc/arm-none-eabi/15.1.0/../../../../arm-none-eabi/lib/armv6k/fpu/libm.a(libm_a-sf_ceil.o)
                0x001129d0                ceilf
 .text.__udivmoddi4
                0x00112a90      0x130 /opt/devkitpro/devkitARM/bin/../lib/gcc/arm-none-eabi/15.1.0/armv6k/fpu/libgcc.a(_udivmoddi4.o)
                0x00112a90                __udivmoddi4
 .text.strncmp  0x00112bc0       0xd8 /opt/devkitpro/devkitARM/bin/../lib/gcc/arm-none-eabi/15.1.0/../../../../arm-none-eabi/lib/armv6k/fpu/libg.a(libc_a-strncmp.o)
                0x00112bc0                strncmp
 .text.strchr   0x00112c98      0x140 /opt/devkitpro/devkitARM/bin/../lib/gcc/arm-none-eabi/15.1.0/../../../../arm-none-eabi/lib/armv6k/fpu/libg.a(libc_a-strchr.o)
                0x00112c98                strchr
 .text._fclose_r
                0x00112dd8      0x144 /opt/devkitpro/devkitARM/bin/../lib/gcc/arm-none-eabi/15.1.0/../../../../arm-none-eabi/lib/armv6k/fpu/libg.a(libc_a-fclose.o)
                0x00112dd8                _fclose_r
 .text.fclose   0x00112f1c       0x20 /opt/devkitpro/devkitARM/bin/../lib/gcc/arm-none-eabi/15.1.0/../../../../arm-none-eabi/lib/armv6k/fpu/libg.a(libc_a-fclose.o)
                0x00112f1c                fclose
 .text._fwrite_r
                0x00112f3c      0x104 /opt/devkitpro/devkitARM/bin/../lib/gcc/arm-none-eabi/15.1.0/../../../../arm-none-eabi/lib/armv6k/fpu/libg.a(libc_a-fwrite.o)
                0x00112f3c                _fwrite_r
 .text.fwrite   0x00113040       0x38 /opt/devkitpro/devkitARM/bin/../lib/gcc/arm-none-eabi/15.1.0/../../../../arm-none-eabi/lib/armv6k/fpu/libg.a(libc_a-fwrite.o)
                0x00113040                fwrite
 .text.strlen   0x00113078       0x8c /opt/devkitpro/devkitARM/bin/../lib/gcc/arm-none-eabi/15.1.0/../../../../arm-none-eabi/lib/armv6k/fpu/libg.a(libc_a-strlen.o)
                0x00113078                strlen
 .text.memcmp   0x00113104       0xd8 /opt/devkitpro/devkitARM/bin/../lib/gcc/arm-none-eabi/15.1.0/../../../../arm-none-eabi/lib/armv6k/fpu/libg.a(libc_a-memcmp.o)
                0x00113104                memcmp
 .text.stdio_exit_handler
                0x001131dc       0x1c /opt/devkitpro/devkitARM/bin/../lib/gcc/arm-none-eabi/15.1.0/../../../../arm-none-eabi/lib/armv6k/fpu/libg.a(libc_a-findfp.o)
 .text.cleanup_stdio
                0x001131f8       0x5c /opt/devkitpro/devkitARM/bin/../lib/gcc/arm-none-eabi/15.1.0/../../../../arm-none-eabi/lib/armv6k/fpu/libg.a(libc_a-findfp.o)
 .text.global_stdio_init.part.0
                0x00113254      0x154 /opt/devkitpro/devkitARM/bin/../lib/gcc/arm-none-eabi/15.1.0/../../../../arm-none-eabi/lib/armv6k/fpu/libg.a(libc_a-findfp.o)
 .text.__sfp    0x001133a8      0x138 /opt/devkitpro/devkitARM/bin/../lib/gcc/arm-none-eabi/15.1.0/../../../../arm-none-eabi/lib/armv6k/fpu/libg.a(libc_a-findfp.o)
                0x001133a8                __sfp
 .text.__sinit  0x001134e0       0x5c /opt/devkitpro/devkitARM/bin/../lib/gcc/arm-none-eabi/15.1.0/../../../../arm-none-eabi/lib/armv6k/fpu/libg.a(libc_a-findfp.o)
                0x001134e0                __sinit
 .text.__sfp_lock_acquire
                0x0011353c        0xc /opt/devkitpro/devkitARM/bin/../lib/gcc/arm-none-eabi/15.1.0/../../../../arm-none-eabi/lib/armv6k/fpu/libg.a(libc_a-findfp.o)
                0x0011353c                __sfp_lock_acquire
 .text.__sfp_lock_release
                0x00113548        0xc /opt/devkitpro/devkitARM/bin/../lib/gcc/arm-none-eabi/15.1.0/../../../../arm-none-eabi/lib/armv6k/fpu/libg.a(libc_a-findfp.o)
                0x00113548                __sfp_lock_release
 .text._strtoul_l.isra.0
                0x00113554      0x1ec /opt/devkitpro/devkitARM/bin/../lib/gcc/arm-none-eabi/15.1.0/../../../../arm-none-eabi/lib/armv6k/fpu/libg.a(libc_a-strtoul.o)
 .text.strtoul  0x00113740       0x3c /opt/devkitpro/devkitARM/bin/../lib/gcc/arm-none-eabi/15.1.0/../../../../arm-none-eabi/lib/armv6k/fpu/libg.a(libc_a-strtoul.o)
                0x00113740                strtoul
 .text.__libc_init_array
                0x0011377c       0x84 /opt/devkitpro/devkitARM/bin/../lib/gcc/arm-none-eabi/15.1.0/../../../../arm-none-eabi/lib/armv6k/fpu/libg.a(libc_a-init.o)
                0x0011377c                __libc_init_array
 .text.strncat  0x00113800       0x9c /opt/devkitpro/devkitARM/bin/../lib/gcc/arm-none-eabi/15.1.0/../../../../arm-none-eabi/lib/armv6k/fpu/libg.a(libc_a-strncat.o)
                0x00113800                strncat
 .text._fwalk_sglue
                0x0011389c       0x70 /opt/devkitpro/devkitARM/bin/../lib/gcc/arm-none-eabi/15.1.0/../../../../arm-none-eabi/lib/armv6k/fpu/libg.a(libc_a-fwalk.o)
                0x0011389c                _fwalk_sglue
 .text.bsearch  0x0011390c       0x78 /opt/devkitpro/devkitARM/bin/../lib/gcc/arm-none-eabi/15.1.0/../../../../arm-none-eabi/lib/armv6k/fpu/libg.a(libc_a-bsearch.o)
                0x0011390c                bsearch
 .text.__errno  0x00113984        0xc /opt/devkitpro/devkitARM/bin/../lib/gcc/arm-none-eabi/15.1.0/../../../../arm-none-eabi/lib/armv6k/fpu/libg.a(libc_a-errno.o)
                0x00113984                __errno
 .text.calloc   0x00113990       0x28 /opt/devkitpro/devkitARM/bin/../lib/gcc/arm-none-eabi/15.1.0/../../../../arm-none-eabi/lib/armv6k/fpu/libg.a(libc_a-calloc.o)
                0x00113990                calloc
 .text.qsort    0x001139b8      0x8e8 /opt/devkitpro/devkitARM/bin/../lib/gcc/arm-none-eabi/15.1.0/../../../../arm-none-eabi/lib/armv6k/fpu/libg.a(libc_a-qsort.o)
                0x001139b8                qsort
 .text._puts_r  0x001142a0       0xe0 /opt/devkitpro/devkitARM/bin/../lib/gcc/arm-none-eabi/15.1.0/../../../../arm-none-eabi/lib/armv6k/fpu/libg.a(libc_a-puts.o)
                0x001142a0                _puts_r
 .text.puts     0x00114380       0x20 /opt/devkitpro/devkitARM/bin/../lib/gcc/arm-none-eabi/15.1.0/../../../../arm-none-eabi/lib/armv6k/fpu/libg.a(libc_a-puts.o)
                0x00114380                puts
 .text._calloc_r
                0x001143a0       0xd8 /opt/devkitpro/devkitARM/bin/../lib/gcc/arm-none-eabi/15.1.0/../../../../arm-none-eabi/lib/armv6k/fpu/libg.a(libc_a-callocr.o)
                0x001143a0                _calloc_r
 .text.realloc  0x00114478       0x28 /opt/devkitpro/devkitARM/bin/../lib/gcc/arm-none-eabi/15.1.0/../../../../arm-none-eabi/lib/armv6k/fpu/libg.a(libc_a-realloc.o)
                0x00114478                realloc
 .text.strdup   0x001144a0       0x20 /opt/devkitpro/devkitARM/bin/../lib/gcc/arm-none-eabi/15.1.0/../../../../arm-none-eabi/lib/armv6k/fpu/libg.a(libc_a-strdup.o)
                0x001144a0                strdup
 .text._fseek_r
                0x001144c0       0x1c /opt/devkitpro/devkitARM/bin/../lib/gcc/arm-none-eabi/15.1.0/../../../../arm-none-eabi/lib/armv6k/fpu/libg.a(libc_a-fseek.o)
                0x001144c0                _fseek_r
 .text.fseek    0x001144dc       0x34 /opt/devkitpro/devkitARM/bin/../lib/gcc/arm-none-eabi/15.1.0/../../../../arm-none-eabi/lib/armv6k/fpu/libg.a(libc_a-fseek.o)
                0x001144dc                fseek
 .text.memalign
                0x00114510       0x28 /opt/devkitpro/devkitARM/bin/../lib/gcc/arm-none-eabi/15.1.0/../../../../arm-none-eabi/lib/armv6k/fpu/libg.a(libc_a-malign.o)
                0x00114510                memalign
 .text._malloc_r
                0x00114538      0x82c /opt/devkitpro/devkitARM/bin/../lib/gcc/arm-none-eabi/15.1.0/../../../../arm-none-eabi/lib/armv6k/fpu/libg.a(libc_a-mallocr.o)
                0x00114538                _malloc_r
 .text.strcasecmp
                0x00114d64       0x68 /opt/devkitpro/devkitARM/bin/../lib/gcc/arm-none-eabi/15.1.0/../../../../arm-none-eabi/lib/armv6k/fpu/libg.a(libc_a-strcasecmp.o)
                0x00114d64                strcasecmp
 .text._malloc_trim_r
                0x00114dcc      0x114 /opt/devkitpro/devkitARM/bin/../lib/gcc/arm-none-eabi/15.1.0/../../../../arm-none-eabi/lib/armv6k/fpu/libg.a(libc_a-freer.o)
                0x00114dcc                _malloc_trim_r
 .text._free_r  0x00114ee0      0x314 /opt/devkitpro/devkitARM/bin/../lib/gcc/arm-none-eabi/15.1.0/../../../../arm-none-eabi/lib/armv6k/fpu/libg.a(libc_a-freer.o)
                0x00114ee0                _free_r
 .text.snprintf
                0x001151f4       0xa0 /opt/devkitpro/devkitARM/bin/../lib/gcc/arm-none-eabi/15.1.0/../../../../arm-none-eabi/lib/armv6k/fpu/libg.a(libc_a-snprintf.o)
                0x001151f4                snprintf
 .text.get_arg  0x00115294      0x5e0 /opt/devkitpro/devkitARM/bin/../lib/gcc/arm-none-eabi/15.1.0/../../../../arm-none-eabi/lib/armv6k/fpu/libg.a(libc_a-svfprintf.o)
 *fill*         0x00115874        0x4 
 .text._svfprintf_r
                0x00115878     0x345c /opt/devkitpro/devkitARM/bin/../lib/gcc/arm-none-eabi/15.1.0/../../../../arm-none-eabi/lib/armv6k/fpu/libg.a(libc_a-svfprintf.o)
                0x00115878                _svfprintf_r
 .text.rewind   0x00118cd4       0x2c /opt/devkitpro/devkitARM/bin/../lib/gcc/arm-none-eabi/15.1.0/../../../../arm-none-eabi/lib/armv6k/fpu/libg.a(libc_a-rewind.o)
                0x00118cd4                rewind
 .text.strnlen  0x00118d00       0x3c /opt/devkitpro/devkitARM/bin/../lib/gcc/arm-none-eabi/15.1.0/../../../../arm-none-eabi/lib/armv6k/fpu/libg.a(libc_a-strnlen.o)
                0x00118d00                strnlen
 .text.malloc   0x00118d3c       0x40 /opt/devkitpro/devkitARM/bin/../lib/gcc/arm-none-eabi/15.1.0/../../../../arm-none-eabi/lib/armv6k/fpu/libg.a(libc_a-malloc.o)
                0x00118d3c                malloc
 .text.free     0x00118d7c       0x20 /opt/devkitpro/devkitARM/bin/../lib/gcc/arm-none-eabi/15.1.0/../../../../arm-none-eabi/lib/armv6k/fpu/libg.a(libc_a-malloc.o)
                0x00118d7c                free
 .text.__sflush_r
                0x00118d9c      0x22c /opt/devkitpro/devkitARM/bin/../lib/gcc/arm-none-eabi/15.1.0/../../../../arm-none-eabi/lib/armv6k/fpu/libg.a(libc_a-fflush.o)
                0x00118d9c                __sflush_r
 .text._fflush_r
                0x00118fc8       0xc4 /opt/devkitpro/devkitARM/bin/../lib/gcc/arm-none-eabi/15.1.0/../../../../arm-none-eabi/lib/armv6k/fpu/libg.a(libc_a-fflush.o)
                0x00118fc8                _fflush_r
 .text.time     0x0011908c       0x48 /opt/devkitpro/devkitARM/bin/../lib/gcc/arm-none-eabi/15.1.0/../../../../arm-none-eabi/lib/armv6k/fpu/libg.a(libc_a-time.o)
                0x0011908c                time
 .text.memset   0x001190d4       0xe4 /opt/devkitpro/devkitARM/bin/../lib/gcc/arm-none-eabi/15.1.0/../../../../arm-none-eabi/lib/armv6k/fpu/libg.a(libc_a-memset.o)
                0x001190d4                memset
 .text._realloc_r
                0x001191b8      0x4f0 /opt/devkitpro/devkitARM/bin/../lib/gcc/arm-none-eabi/15.1.0/../../../../arm-none-eabi/lib/armv6k/fpu/libg.a(libc_a-reallocr.o)
                0x001191b8                _realloc_r
 .text._strdup_r
                0x001196a8       0x54 /opt/devkitpro/devkitARM/bin/../lib/gcc/arm-none-eabi/15.1.0/../../../../arm-none-eabi/lib/armv6k/fpu/libg.a(libc_a-strdup_r.o)
                0x001196a8                _strdup_r
 .text._fread_r
                0x001196fc      0x334 /opt/devkitpro/devkitARM/bin/../lib/gcc/arm-none-eabi/15.1.0/../../../../arm-none-eabi/lib/armv6k/fpu/libg.a(libc_a-fread.o)
                0x001196fc                _fread_r
 .text.fread    0x00119a30       0x38 /opt/devkitpro/devkitARM/bin/../lib/gcc/arm-none-eabi/15.1.0/../../../../arm-none-eabi/lib/armv6k/fpu/libg.a(libc_a-fread.o)
                0x00119a30                fread
 .text.__malloc_lock
                0x00119a68        0xc /opt/devkitpro/devkitARM/bin/../lib/gcc/arm-none-eabi/15.1.0/../../../../arm-none-eabi/lib/armv6k/fpu/libg.a(libc_a-mlock.o)
                0x00119a68                __malloc_lock
 .text.__malloc_unlock
                0x00119a74        0xc /opt/devkitpro/devkitARM/bin/../lib/gcc/arm-none-eabi/15.1.0/../../../../arm-none-eabi/lib/armv6k/fpu/libg.a(libc_a-mlock.o)
                0x00119a74                __malloc_unlock
 .text.__call_exitprocs
                0x00119a80        0x4 /opt/devkitpro/devkitARM/bin/../lib/gcc/arm-none-eabi/15.1.0/../../../../arm-none-eabi/lib/armv6k/fpu/libg.a(libc_a-exit.o)
                0x00119a80                __call_exitprocs
 .text.exit     0x00119a84       0x30 /opt/devkitpro/devkitARM/bin/../lib/gcc/arm-none-eabi/15.1.0/../../../../arm-none-eabi/lib/armv6k/fpu/libg.a(libc_a-exit.o)
                0x00119a84                exit
 .text._fopen_r
                0x00119ab4      0x134 /opt/devkitpro/devkitARM/bin/../lib/gcc/arm-none-eabi/15.1.0/../../../../arm-none-eabi/lib/armv6k/fpu/libg.a(libc_a-fopen.o)
                0x00119ab4                _fopen_r
 .text.fopen    0x00119be8       0x28 /opt/devkitpro/devkitARM/bin/../lib/gcc/arm-none-eabi/15.1.0/../../../../arm-none-eabi/lib/armv6k/fpu/libg.a(libc_a-fopen.o)
                0x00119be8                fopen
 .text.strncpy  0x00119c10       0xd4 /opt/devkitpro/devkitARM/bin/../lib/gcc/arm-none-eabi/15.1.0/../../../../arm-none-eabi/lib/armv6k/fpu/libg.a(libc_a-strncpy.o)
                0x00119c10                strncpy
 .text.ftell    0x00119ce4       0x34 /opt/devkitpro/devkitARM/bin/../lib/gcc/arm-none-eabi/15.1.0/../../../../arm-none-eabi/lib/armv6k/fpu/libg.a(libc_a-ftell.o)
                0x00119ce4                ftell
 .text.memcpy   0x00119d18      0x12c /opt/devkitpro/devkitARM/bin/../lib/gcc/arm-none-eabi/15.1.0/../../../../arm-none-eabi/lib/armv6k/fpu/libg.a(libc_a-memcpy-stub.o)
                0x00119d18                memcpy
 .text._wcsrtombs_r
                0x00119e44       0x28 /opt/devkitpro/devkitARM/bin/../lib/gcc/arm-none-eabi/15.1.0/../../../../arm-none-eabi/lib/armv6k/fpu/libg.a(libc_a-wcsrtombs.o)
                0x00119e44                _wcsrtombs_r
 .text.remove   0x00119e6c       0x58 /opt/devkitpro/devkitARM/bin/../lib/gcc/arm-none-eabi/15.1.0/../../../../arm-none-eabi/lib/armv6k/fpu/libg.a(libc_a-remove.o)
                0x00119e6c                remove
 *fill*         0x00119ec4        0x4 
 .text.frexp    0x00119ec8       0x88 /opt/devkitpro/devkitARM/bin/../lib/gcc/arm-none-eabi/15.1.0/../../../../arm-none-eabi/lib/armv6k/fpu/libg.a(libm_a-s_frexp.o)
                0x00119ec8                frexp
 .text.__sfvwrite_r
                0x00119f50      0x4a4 /opt/devkitpro/devkitARM/bin/../lib/gcc/arm-none-eabi/15.1.0/../../../../arm-none-eabi/lib/armv6k/fpu/libg.a(libc_a-fvwrite.o)
                0x00119f50                __sfvwrite_r
 .text.__sread  0x0011a3f4       0x44 /opt/devkitpro/devkitARM/bin/../lib/gcc/arm-none-eabi/15.1.0/../../../../arm-none-eabi/lib/armv6k/fpu/libg.a(libc_a-stdio.o)
                0x0011a3f4                __sread
 .text.__swrite
                0x0011a438       0x68 /opt/devkitpro/devkitARM/bin/../lib/gcc/arm-none-eabi/15.1.0/../../../../arm-none-eabi/lib/armv6k/fpu/libg.a(libc_a-stdio.o)
                0x0011a438                __swrite
 .text.__sseek  0x0011a4a0       0x40 /opt/devkitpro/devkitARM/bin/../lib/gcc/arm-none-eabi/15.1.0/../../../../arm-none-eabi/lib/armv6k/fpu/libg.a(libc_a-stdio.o)
                0x0011a4a0                __sseek
 .text.__sclose
                0x0011a4e0        0x8 /opt/devkitpro/devkitARM/bin/../lib/gcc/arm-none-eabi/15.1.0/../../../../arm-none-eabi/lib/armv6k/fpu/libg.a(libc_a-stdio.o)
                0x0011a4e0                __sclose
 .text.memmove  0x0011a4e8      0x16c /opt/devkitpro/devkitARM/bin/../lib/gcc/arm-none-eabi/15.1.0/../../../../arm-none-eabi/lib/armv6k/fpu/libg.a(libc_a-memmove.o)
                0x0011a4e8                memmove
 .text.__locale_mb_cur_max
                0x0011a654       0x24 /opt/devkitpro/devkitARM/bin/../lib/gcc/arm-none-eabi/15.1.0/../../../../arm-none-eabi/lib/armv6k/fpu/libg.a(libc_a-locale.o)
                0x0011a654                __locale_mb_cur_max
 .text.__ssprint_r
                0x0011a678       0xa4 /opt/devkitpro/devkitARM/bin/../lib/gcc/arm-none-eabi/15.1.0/../../../../arm-none-eabi/lib/armv6k/fpu/libg.a(libc_a-ssprint_r.o)
                0x0011a678                __ssprint_r
 .text._memalign_r
                0x0011a71c      0x16c /opt/devkitpro/devkitARM/bin/../lib/gcc/arm-none-eabi/15.1.0/../../../../arm-none-eabi/lib/armv6k/fpu/libg.a(libc_a-malignr.o)
                0x0011a71c                _memalign_r
 .text._wcsnrtombs_l
                0x0011a888      0x15c /opt/devkitpro/devkitARM/bin/../lib/gcc/arm-none-eabi/15.1.0/../../../../arm-none-eabi/lib/armv6k/fpu/libg.a(libc_a-wcsnrtombs.o)
                0x0011a888                _wcsnrtombs_l
 .text._wcsnrtombs_r
                0x0011a9e4       0x64 /opt/devkitpro/devkitARM/bin/../lib/gcc/arm-none-eabi/15.1.0/../../../../arm-none-eabi/lib/armv6k/fpu/libg.a(libc_a-wcsnrtombs.o)
                0x0011a9e4                _wcsnrtombs_r
 .text.__utf8_mbtowc
                0x0011aa48      0x340 /opt/devkitpro/devkitARM/bin/../lib/gcc/arm-none-eabi/15.1.0/../../../../arm-none-eabi/lib/armv6k/fpu/libg.a(libc_a-mbtowc_r.o)
                0x0011aa48                __utf8_mbtowc
 .text._fseeko_r
                0x0011ad88      0x588 /opt/devkitpro/devkitARM/bin/../lib/gcc/arm-none-eabi/15.1.0/../../../../arm-none-eabi/lib/armv6k/fpu/libg.a(libc_a-fseeko.o)
                0x0011ad88                _fseeko_r
 .text._localeconv_r
                0x0011b310       0x24 /opt/devkitpro/devkitARM/bin/../lib/gcc/arm-none-eabi/15.1.0/../../../../arm-none-eabi/lib/armv6k/fpu/libg.a(libc_a-localeconv.o)
                0x0011b310                _localeconv_r
 .text.memchr   0x0011b334       0xe8 /opt/devkitpro/devkitARM/bin/../lib/gcc/arm-none-eabi/15.1.0/../../../../arm-none-eabi/lib/armv6k/fpu/libg.a(libc_a-memchr-stub.o)
                0x0011b334                memchr
 .text.quorem   0x0011b41c      0x1c0 /opt/devkitpro/devkitARM/bin/../lib/gcc/arm-none-eabi/15.1.0/../../../../arm-none-eabi/lib/armv6k/fpu/libg.a(libc_a-dtoa.o)
 *fill*         0x0011b5dc        0x4 
 .text._dtoa_r  0x0011b5e0     0x13f0 /opt/devkitpro/devkitARM/bin/../lib/gcc/arm-none-eabi/15.1.0/../../../../arm-none-eabi/lib/armv6k/fpu/libg.a(libc_a-dtoa.o)
                0x0011b5e0                _dtoa_r
 .text._wcrtomb_r
                0x0011c9d0       0xa0 /opt/devkitpro/devkitARM/bin/../lib/gcc/arm-none-eabi/15.1.0/../../../../arm-none-eabi/lib/armv6k/fpu/libg.a(libc_a-wcrtomb.o)
                0x0011c9d0                _wcrtomb_r
 .text.__sflags
                0x0011ca70       0xb8 /opt/devkitpro/devkitARM/bin/../lib/gcc/arm-none-eabi/15.1.0/../../../../arm-none-eabi/lib/armv6k/fpu/libg.a(libc_a-flags.o)
                0x0011ca70                __sflags
 .text.__libc_fini_array
                0x0011cb28       0x3c /opt/devkitpro/devkitARM/bin/../lib/gcc/arm-none-eabi/15.1.0/../../../../arm-none-eabi/lib/armv6k/fpu/libg.a(libc_a-fini.o)
                0x0011cb28                __libc_fini_array
 .text.lflush   0x0011cb64       0x38 /opt/devkitpro/devkitARM/bin/../lib/gcc/arm-none-eabi/15.1.0/../../../../arm-none-eabi/lib/armv6k/fpu/libg.a(libc_a-refill.o)
 .text.__srefill_r
                0x0011cb9c      0x1a8 /opt/devkitpro/devkitARM/bin/../lib/gcc/arm-none-eabi/15.1.0/../../../../arm-none-eabi/lib/armv6k/fpu/libg.a(libc_a-refill.o)
                0x0011cb9c                __srefill_r
 .text.__smakebuf_r
                0x0011cd44      0x164 /opt/devkitpro/devkitARM/bin/../lib/gcc/arm-none-eabi/15.1.0/../../../../arm-none-eabi/lib/armv6k/fpu/libg.a(libc_a-makebuf.o)
                0x0011cd44                __smakebuf_r
 .text.__ssputs_r
                0x0011cea8      0x12c /opt/devkitpro/devkitARM/bin/../lib/gcc/arm-none-eabi/15.1.0/../../../../arm-none-eabi/lib/armv6k/fpu/libg.a(libc_a-ssputs_r.o)
                0x0011cea8                __ssputs_r
 .text._ftello_r
                0x0011cfd4      0x1c4 /opt/devkitpro/devkitARM/bin/../lib/gcc/arm-none-eabi/15.1.0/../../../../arm-none-eabi/lib/armv6k/fpu/libg.a(libc_a-ftello.o)
                0x0011cfd4                _ftello_r
 .text.__utf8_wctomb
                0x0011d198       0xf8 /opt/devkitpro/devkitARM/bin/../lib/gcc/arm-none-eabi/15.1.0/../../../../arm-none-eabi/lib/armv6k/fpu/libg.a(libc_a-wctomb_r.o)
                0x0011d198                __utf8_wctomb
 .text.__swsetup_r
                0x0011d290      0x140 /opt/devkitpro/devkitARM/bin/../lib/gcc/arm-none-eabi/15.1.0/../../../../arm-none-eabi/lib/armv6k/fpu/libg.a(libc_a-wsetup.o)
                0x0011d290                __swsetup_r
 .text.__assert_func
                0x0011d3d0       0x5c /opt/devkitpro/devkitARM/bin/../lib/gcc/arm-none-eabi/15.1.0/../../../../arm-none-eabi/lib/armv6k/fpu/libg.a(libc_a-assert.o)
                0x0011d3d0                __assert_func
 .text._Balloc  0x0011d42c       0x88 /opt/devkitpro/devkitARM/bin/../lib/gcc/arm-none-eabi/15.1.0/../../../../arm-none-eabi/lib/armv6k/fpu/libg.a(libc_a-mprec.o)
                0x0011d42c                _Balloc
 .text._Bfree   0x0011d4b4       0x1c /opt/devkitpro/devkitARM/bin/../lib/gcc/arm-none-eabi/15.1.0/../../../../arm-none-eabi/lib/armv6k/fpu/libg.a(libc_a-mprec.o)
                0x0011d4b4                _Bfree
 .text.__multadd
                0x0011d4d0       0xf4 /opt/devkitpro/devkitARM/bin/../lib/gcc/arm-none-eabi/15.1.0/../../../../arm-none-eabi/lib/armv6k/fpu/libg.a(libc_a-mprec.o)
                0x0011d4d0                __multadd
 .text.__hi0bits
                0x0011d5c4       0x80 /opt/devkitpro/devkitARM/bin/../lib/gcc/arm-none-eabi/15.1.0/../../../../arm-none-eabi/lib/armv6k/fpu/libg.a(libc_a-mprec.o)
                0x0011d5c4                __hi0bits
 .text.__lo0bits
                0x0011d644       0xf0 /opt/devkitpro/devkitARM/bin/../lib/gcc/arm-none-eabi/15.1.0/../../../../arm-none-eabi/lib/armv6k/fpu/libg.a(libc_a-mprec.o)
                0x0011d644                __lo0bits
 .text.__i2b    0x0011d734       0xa4 /opt/devkitpro/devkitARM/bin/../lib/gcc/arm-none-eabi/15.1.0/../../../../arm-none-eabi/lib/armv6k/fpu/libg.a(libc_a-mprec.o)
                0x0011d734                __i2b
 .text.__multiply
                0x0011d7d8      0x230 /opt/devkitpro/devkitARM/bin/../lib/gcc/arm-none-eabi/15.1.0/../../../../arm-none-eabi/lib/armv6k/fpu/libg.a(libc_a-mprec.o)
                0x0011d7d8                __multiply
 .text.__pow5mult
                0x0011da08      0x130 /opt/devkitpro/devkitARM/bin/../lib/gcc/arm-none-eabi/15.1.0/../../../../arm-none-eabi/lib/armv6k/fpu/libg.a(libc_a-mprec.o)
                0x0011da08                __pow5mult
 .text.__lshift
                0x0011db38      0x138 /opt/devkitpro/devkitARM/bin/../lib/gcc/arm-none-eabi/15.1.0/../../../../arm-none-eabi/lib/armv6k/fpu/libg.a(libc_a-mprec.o)
                0x0011db38                __lshift
 .text.__mcmp   0x0011dc70       0x58 /opt/devkitpro/devkitARM/bin/../lib/gcc/arm-none-eabi/15.1.0/../../../../arm-none-eabi/lib/armv6k/fpu/libg.a(libc_a-mprec.o)
                0x0011dc70                __mcmp
 .text.__mdiff  0x0011dcc8      0x218 /opt/devkitpro/devkitARM/bin/../lib/gcc/arm-none-eabi/15.1.0/../../../../arm-none-eabi/lib/armv6k/fpu/libg.a(libc_a-mprec.o)
                0x0011dcc8                __mdiff
 .text.__d2b    0x0011dee0      0x120 /opt/devkitpro/devkitARM/bin/../lib/gcc/arm-none-eabi/15.1.0/../../../../arm-none-eabi/lib/armv6k/fpu/libg.a(libc_a-mprec.o)
                0x0011dee0                __d2b
 .text.fiprintf
                0x0011e000       0x3c /opt/devkitpro/devkitARM/bin/../lib/gcc/arm-none-eabi/15.1.0/../../../../arm-none-eabi/lib/armv6k/fpu/libg.a(libc_a-fiprintf.o)
                0x0011e000                fiprintf
 .text.abort    0x0011e03c       0x14 /opt/devkitpro/devkitARM/bin/../lib/gcc/arm-none-eabi/15.1.0/../../../../arm-none-eabi/lib/armv6k/fpu/libg.a(libc_a-abort.o)
                0x0011e03c                abort
 .text._raise_r
                0x0011e050       0x9c /opt/devkitpro/devkitARM/bin/../lib/gcc/arm-none-eabi/15.1.0/../../../../arm-none-eabi/lib/armv6k/fpu/libg.a(libc_a-signal.o)
                0x0011e050                _raise_r
 .text.raise    0x0011e0ec       0x20 /opt/devkitpro/devkitARM/bin/../lib/gcc/arm-none-eabi/15.1.0/../../../../arm-none-eabi/lib/armv6k/fpu/libg.a(libc_a-signal.o)
                0x0011e0ec                raise
 .text.get_arg  0x0011e10c      0x5e0 /opt/devkitpro/devkitARM/bin/../lib/gcc/arm-none-eabi/15.1.0/../../../../arm-none-eabi/lib/armv6k/fpu/libg.a(libc_a-vfiprintf.o)
 .text._vfiprintf_r
                0x0011e6ec     0x22f8 /opt/devkitpro/devkitARM/bin/../lib/gcc/arm-none-eabi/15.1.0/../../../../arm-none-eabi/lib/armv6k/fpu/libg.a(libc_a-vfiprintf.o)
                0x0011e6ec                _vfiprintf_r
 .text.__sbprintf
                0x001209e4       0xb4 /opt/devkitpro/devkitARM/bin/../lib/gcc/arm-none-eabi/15.1.0/../../../../arm-none-eabi/lib/armv6k/fpu/libg.a(libc_a-vfiprintf.o)
 .text.__sprint_r
                0x00120a98       0x30 /opt/devkitpro/devkitARM/bin/../lib/gcc/arm-none-eabi/15.1.0/../../../../arm-none-eabi/lib/armv6k/fpu/libg.a(libc_a-sprint_r.o)
                0x00120a98                __sprint_r
 .text._exit    0x00120ac8       0x20 /opt/devkitpro/devkitARM/bin/../lib/gcc/arm-none-eabi/15.1.0/../../../../arm-none-eabi/lib/armv6k/fpu/libsysbase.a(libsysbase_libsysbase_a-_exit.o)
                0x00120ac8                _exit
 .text.chdir    0x00120ae8      0x140 /opt/devkitpro/devkitARM/bin/../lib/gcc/arm-none-eabi/15.1.0/../../../../arm-none-eabi/lib/armv6k/fpu/libsysbase.a(libsysbase_libsysbase_a-chdir.o)
                0x00120ae8                chdir
 .text.getcwd   0x00120c28       0x90 /opt/devkitpro/devkitARM/bin/../lib/gcc/arm-none-eabi/15.1.0/../../../../arm-none-eabi/lib/armv6k/fpu/libsysbase.a(libsysbase_libsysbase_a-chdir.o)
                0x00120c28                getcwd
 .text._concatenate_path
                0x00120cb8      0x1c8 /opt/devkitpro/devkitARM/bin/../lib/gcc/arm-none-eabi/15.1.0/../../../../arm-none-eabi/lib/armv6k/fpu/libsysbase.a(libsysbase_libsysbase_a-concatenate.o)
                0x00120cb8                _concatenate_path
 .text.__dirnext
                0x00120e80       0x70 /opt/devkitpro/devkitARM/bin/../lib/gcc/arm-none-eabi/15.1.0/../../../../arm-none-eabi/lib/armv6k/fpu/libsysbase.a(libsysbase_libsysbase_a-dirent.o)
 .text.opendir  0x00120ef0      0x114 /opt/devkitpro/devkitARM/bin/../lib/gcc/arm-none-eabi/15.1.0/../../../../arm-none-eabi/lib/armv6k/fpu/libsysbase.a(libsysbase_libsysbase_a-dirent.o)
                0x00120ef0                opendir
 .text.closedir
                0x00121004       0x98 /opt/devkitpro/devkitARM/bin/../lib/gcc/arm-none-eabi/15.1.0/../../../../arm-none-eabi/lib/armv6k/fpu/libsysbase.a(libsysbase_libsysbase_a-dirent.o)
                0x00121004                closedir
 .text.readdir_r
                0x0012109c       0xf8 /opt/devkitpro/devkitARM/bin/../lib/gcc/arm-none-eabi/15.1.0/../../../../arm-none-eabi/lib/armv6k/fpu/libsysbase.a(libsysbase_libsysbase_a-dirent.o)
                0x0012109c                readdir_r
 .text.readdir  0x00121194       0x48 /opt/devkitpro/devkitARM/bin/../lib/gcc/arm-none-eabi/15.1.0/../../../../arm-none-eabi/lib/armv6k/fpu/libsysbase.a(libsysbase_libsysbase_a-dirent.o)
                0x00121194                readdir
 .text._fstat_r
                0x001211dc       0x9c /opt/devkitpro/devkitARM/bin/../lib/gcc/arm-none-eabi/15.1.0/../../../../arm-none-eabi/lib/armv6k/fpu/libsysbase.a(libsysbase_libsysbase_a-fstat.o)
                0x001211dc                _fstat_r
 .text._getpid_r
                0x00121278       0x14 /opt/devkitpro/devkitARM/bin/../lib/gcc/arm-none-eabi/15.1.0/../../../../arm-none-eabi/lib/armv6k/fpu/libsysbase.a(libsysbase_libsysbase_a-getpid.o)
                0x00121278                _getpid_r
 .text.__getreent
                0x0012128c       0x2c /opt/devkitpro/devkitARM/bin/../lib/gcc/arm-none-eabi/15.1.0/../../../../arm-none-eabi/lib/armv6k/fpu/libsysbase.a(libsysbase_libsysbase_a-getreent.o)
                0x0012128c                __getreent
 .text._gettimeofday_r
                0x001212b8       0x30 /opt/devkitpro/devkitARM/bin/../lib/gcc/arm-none-eabi/15.1.0/../../../../arm-none-eabi/lib/armv6k/fpu/libsysbase.a(libsysbase_libsysbase_a-gettod.o)
                0x001212b8                _gettimeofday_r
 .text.__release_handle
                0x001212e8       0xa0 /opt/devkitpro/devkitARM/bin/../lib/gcc/arm-none-eabi/15.1.0/../../../../arm-none-eabi/lib/armv6k/fpu/libsysbase.a(libsysbase_libsysbase_a-handle_manager.o)
                0x001212e8                __release_handle
 .text.__alloc_handle
                0x00121388       0xb0 /opt/devkitpro/devkitARM/bin/../lib/gcc/arm-none-eabi/15.1.0/../../../../arm-none-eabi/lib/armv6k/fpu/libsysbase.a(libsysbase_libsysbase_a-handle_manager.o)
                0x00121388                __alloc_handle
 .text.__get_handle
                0x00121438       0x58 /opt/devkitpro/devkitARM/bin/../lib/gcc/arm-none-eabi/15.1.0/../../../../arm-none-eabi/lib/armv6k/fpu/libsysbase.a(libsysbase_libsysbase_a-handle_manager.o)
                0x00121438                __get_handle
 .text._close_r
                0x00121490      0x110 /opt/devkitpro/devkitARM/bin/../lib/gcc/arm-none-eabi/15.1.0/../../../../arm-none-eabi/lib/armv6k/fpu/libsysbase.a(libsysbase_libsysbase_a-handle_manager.o)
                0x00121490                _close_r
 .text.null_write
                0x001215a0        0x8 /opt/devkitpro/devkitARM/bin/../lib/gcc/arm-none-eabi/15.1.0/../../../../arm-none-eabi/lib/armv6k/fpu/libsysbase.a(libsysbase_libsysbase_a-iosupport.o)
 .text.setDefaultDevice
                0x001215a8       0x18 /opt/devkitpro/devkitARM/bin/../lib/gcc/arm-none-eabi/15.1.0/../../../../arm-none-eabi/lib/armv6k/fpu/libsysbase.a(libsysbase_libsysbase_a-iosupport.o)
                0x001215a8                setDefaultDevice
 .text.FindDevice
                0x001215c0       0xc4 /opt/devkitpro/devkitARM/bin/../lib/gcc/arm-none-eabi/15.1.0/../../../../arm-none-eabi/lib/armv6k/fpu/libsysbase.a(libsysbase_libsysbase_a-iosupport.o)
                0x001215c0                FindDevice
 .text.RemoveDevice
                0x00121684       0x28 /opt/devkitpro/devkitARM/bin/../lib/gcc/arm-none-eabi/15.1.0/../../../../arm-none-eabi/lib/armv6k/fpu/libsysbase.a(libsysbase_libsysbase_a-iosupport.o)
                0x00121684                RemoveDevice
 .text.AddDevice
                0x001216ac       0x98 /opt/devkitpro/devkitARM/bin/../lib/gcc/arm-none-eabi/15.1.0/../../../../arm-none-eabi/lib/armv6k/fpu/libsysbase.a(libsysbase_libsysbase_a-iosupport.o)
                0x001216ac                AddDevice
 .text.GetDeviceOpTab
                0x00121744       0x20 /opt/devkitpro/devkitARM/bin/../lib/gcc/arm-none-eabi/15.1.0/../../../../arm-none-eabi/lib/armv6k/fpu/libsysbase.a(libsysbase_libsysbase_a-iosupport.o)
                0x00121744                GetDeviceOpTab
 .text._isatty_r
                0x00121764        0x8 /opt/devkitpro/devkitARM/bin/../lib/gcc/arm-none-eabi/15.1.0/../../../../arm-none-eabi/lib/armv6k/fpu/libsysbase.a(libsysbase_libsysbase_a-isatty.o)
                0x00121764                _isatty_r
 .text._kill_r  0x0012176c       0x14 /opt/devkitpro/devkitARM/bin/../lib/gcc/arm-none-eabi/15.1.0/../../../../arm-none-eabi/lib/armv6k/fpu/libsysbase.a(libsysbase_libsysbase_a-kill.o)
                0x0012176c                _kill_r
 .text._lseek_r
                0x00121780       0x94 /opt/devkitpro/devkitARM/bin/../lib/gcc/arm-none-eabi/15.1.0/../../../../arm-none-eabi/lib/armv6k/fpu/libsysbase.a(libsysbase_libsysbase_a-lseek.o)
                0x00121780                _lseek_r